<testsuites id="" name="" tests="84" failures="84" skipped="0" errors="0" time="268.902246">
<testsuite name="e2e/admin-bulk-delete.spec.ts" timestamp="2025-10-01T00:45:11.483Z" hostname="chromium" tests="12" failures="12" skipped="0" time="144.714" errors="0">
<testcase name="Admin Bulk Delete Analysts › should display analyst accounts with checkboxes" classname="e2e/admin-bulk-delete.spec.ts" time="10.605">
<failure message="admin-bulk-delete.spec.ts:114:7 should display analyst accounts with checkboxes" type="FAILURE">
<![CDATA[  [chromium] › e2e/admin-bulk-delete.spec.ts:114:7 › Admin Bulk Delete Analysts › should display analyst accounts with checkboxes 

    Error: Timed out 5000ms waiting for expect(locator).toBeVisible()

    Locator: getByText('John Doe')
    Expected: visible
    Received: <element(s) not found>
    Call log:
      - Expect "toBeVisible" with timeout 5000ms
      - waiting for getByText('John Doe')


      114 |   test('should display analyst accounts with checkboxes', async ({ page }) => {
      115 |     // Wait for data to load
    > 116 |     await expect(page.getByText('John Doe')).toBeVisible()
          |                                              ^
      117 |     await expect(page.getByText('Jane Smith')).toBeVisible()
      118 |     await expect(page.getByText('Bob Johnson')).toBeVisible()
      119 |
        at /Users/arnaudgrunwald/AGcodework/analyst-portal/tests/e2e/admin-bulk-delete.spec.ts:116:46

    attachment #1: screenshot (image/png) ──────────────────────────────────────────────────────────
    ../test-results/e2e-admin-bulk-delete-Admi-0dd60-st-accounts-with-checkboxes-chromium/test-failed-1.png
    ────────────────────────────────────────────────────────────────────────────────────────────────

    attachment #2: video (video/webm) ──────────────────────────────────────────────────────────────
    ../test-results/e2e-admin-bulk-delete-Admi-0dd60-st-accounts-with-checkboxes-chromium/video.webm
    ────────────────────────────────────────────────────────────────────────────────────────────────

    Error Context: ../test-results/e2e-admin-bulk-delete-Admi-0dd60-st-accounts-with-checkboxes-chromium/error-context.md
]]>
</failure>
<system-out>
<![CDATA[
[[ATTACHMENT|e2e-admin-bulk-delete-Admi-0dd60-st-accounts-with-checkboxes-chromium/test-failed-1.png]]

[[ATTACHMENT|e2e-admin-bulk-delete-Admi-0dd60-st-accounts-with-checkboxes-chromium/video.webm]]

[[ATTACHMENT|e2e-admin-bulk-delete-Admi-0dd60-st-accounts-with-checkboxes-chromium/error-context.md]]
]]>
</system-out>
</testcase>
<testcase name="Admin Bulk Delete Analysts › should allow selecting individual analysts" classname="e2e/admin-bulk-delete.spec.ts" time="9.979">
<failure message="admin-bulk-delete.spec.ts:125:7 should allow selecting individual analysts" type="FAILURE">
<![CDATA[  [chromium] › e2e/admin-bulk-delete.spec.ts:125:7 › Admin Bulk Delete Analysts › should allow selecting individual analysts 

    Error: Timed out 5000ms waiting for expect(locator).toBeVisible()

    Locator: getByText('John Doe')
    Expected: visible
    Received: <element(s) not found>
    Call log:
      - Expect "toBeVisible" with timeout 5000ms
      - waiting for getByText('John Doe')


      124 |
      125 |   test('should allow selecting individual analysts', async ({ page }) => {
    > 126 |     await expect(page.getByText('John Doe')).toBeVisible()
          |                                              ^
      127 |
      128 |     // Select first analyst
      129 |     const firstRowCheckbox = page.locator('tbody tr:first-child input[type="checkbox"]')
        at /Users/arnaudgrunwald/AGcodework/analyst-portal/tests/e2e/admin-bulk-delete.spec.ts:126:46

    attachment #1: screenshot (image/png) ──────────────────────────────────────────────────────────
    ../test-results/e2e-admin-bulk-delete-Admi-f84f8-lecting-individual-analysts-chromium/test-failed-1.png
    ────────────────────────────────────────────────────────────────────────────────────────────────

    attachment #2: video (video/webm) ──────────────────────────────────────────────────────────────
    ../test-results/e2e-admin-bulk-delete-Admi-f84f8-lecting-individual-analysts-chromium/video.webm
    ────────────────────────────────────────────────────────────────────────────────────────────────

    Error Context: ../test-results/e2e-admin-bulk-delete-Admi-f84f8-lecting-individual-analysts-chromium/error-context.md
]]>
</failure>
<system-out>
<![CDATA[
[[ATTACHMENT|e2e-admin-bulk-delete-Admi-f84f8-lecting-individual-analysts-chromium/test-failed-1.png]]

[[ATTACHMENT|e2e-admin-bulk-delete-Admi-f84f8-lecting-individual-analysts-chromium/video.webm]]

[[ATTACHMENT|e2e-admin-bulk-delete-Admi-f84f8-lecting-individual-analysts-chromium/error-context.md]]
]]>
</system-out>
</testcase>
<testcase name="Admin Bulk Delete Analysts › should allow selecting all analysts with header checkbox" classname="e2e/admin-bulk-delete.spec.ts" time="10.023">
<failure message="admin-bulk-delete.spec.ts:139:7 should allow selecting all analysts with header checkbox" type="FAILURE">
<![CDATA[  [chromium] › e2e/admin-bulk-delete.spec.ts:139:7 › Admin Bulk Delete Analysts › should allow selecting all analysts with header checkbox 

    Error: Timed out 5000ms waiting for expect(locator).toBeVisible()

    Locator: getByText('John Doe')
    Expected: visible
    Received: <element(s) not found>
    Call log:
      - Expect "toBeVisible" with timeout 5000ms
      - waiting for getByText('John Doe')


      138 |
      139 |   test('should allow selecting all analysts with header checkbox', async ({ page }) => {
    > 140 |     await expect(page.getByText('John Doe')).toBeVisible()
          |                                              ^
      141 |
      142 |     // Click header checkbox
      143 |     const headerCheckbox = page.locator('thead input[type="checkbox"]')
        at /Users/arnaudgrunwald/AGcodework/analyst-portal/tests/e2e/admin-bulk-delete.spec.ts:140:46

    attachment #1: screenshot (image/png) ──────────────────────────────────────────────────────────
    ../test-results/e2e-admin-bulk-delete-Admi-5fef1-alysts-with-header-checkbox-chromium/test-failed-1.png
    ────────────────────────────────────────────────────────────────────────────────────────────────

    attachment #2: video (video/webm) ──────────────────────────────────────────────────────────────
    ../test-results/e2e-admin-bulk-delete-Admi-5fef1-alysts-with-header-checkbox-chromium/video.webm
    ────────────────────────────────────────────────────────────────────────────────────────────────

    Error Context: ../test-results/e2e-admin-bulk-delete-Admi-5fef1-alysts-with-header-checkbox-chromium/error-context.md
]]>
</failure>
<system-out>
<![CDATA[
[[ATTACHMENT|e2e-admin-bulk-delete-Admi-5fef1-alysts-with-header-checkbox-chromium/test-failed-1.png]]

[[ATTACHMENT|e2e-admin-bulk-delete-Admi-5fef1-alysts-with-header-checkbox-chromium/video.webm]]

[[ATTACHMENT|e2e-admin-bulk-delete-Admi-5fef1-alysts-with-header-checkbox-chromium/error-context.md]]
]]>
</system-out>
</testcase>
<testcase name="Admin Bulk Delete Analysts › should deselect all when header checkbox is unchecked" classname="e2e/admin-bulk-delete.spec.ts" time="10.402">
<failure message="admin-bulk-delete.spec.ts:158:7 should deselect all when header checkbox is unchecked" type="FAILURE">
<![CDATA[  [chromium] › e2e/admin-bulk-delete.spec.ts:158:7 › Admin Bulk Delete Analysts › should deselect all when header checkbox is unchecked 

    Error: Timed out 5000ms waiting for expect(locator).toBeVisible()

    Locator: getByText('John Doe')
    Expected: visible
    Received: <element(s) not found>
    Call log:
      - Expect "toBeVisible" with timeout 5000ms
      - waiting for getByText('John Doe')


      157 |
      158 |   test('should deselect all when header checkbox is unchecked', async ({ page }) => {
    > 159 |     await expect(page.getByText('John Doe')).toBeVisible()
          |                                              ^
      160 |
      161 |     const headerCheckbox = page.locator('thead input[type="checkbox"]')
      162 |     
        at /Users/arnaudgrunwald/AGcodework/analyst-portal/tests/e2e/admin-bulk-delete.spec.ts:159:46

    attachment #1: screenshot (image/png) ──────────────────────────────────────────────────────────
    ../test-results/e2e-admin-bulk-delete-Admi-ca45c-eader-checkbox-is-unchecked-chromium/test-failed-1.png
    ────────────────────────────────────────────────────────────────────────────────────────────────

    attachment #2: video (video/webm) ──────────────────────────────────────────────────────────────
    ../test-results/e2e-admin-bulk-delete-Admi-ca45c-eader-checkbox-is-unchecked-chromium/video.webm
    ────────────────────────────────────────────────────────────────────────────────────────────────

    Error Context: ../test-results/e2e-admin-bulk-delete-Admi-ca45c-eader-checkbox-is-unchecked-chromium/error-context.md
]]>
</failure>
<system-out>
<![CDATA[
[[ATTACHMENT|e2e-admin-bulk-delete-Admi-ca45c-eader-checkbox-is-unchecked-chromium/test-failed-1.png]]

[[ATTACHMENT|e2e-admin-bulk-delete-Admi-ca45c-eader-checkbox-is-unchecked-chromium/video.webm]]

[[ATTACHMENT|e2e-admin-bulk-delete-Admi-ca45c-eader-checkbox-is-unchecked-chromium/error-context.md]]
]]>
</system-out>
</testcase>
<testcase name="Admin Bulk Delete Analysts › should show clear selection button and functionality" classname="e2e/admin-bulk-delete.spec.ts" time="14.382">
<failure message="admin-bulk-delete.spec.ts:173:7 should show clear selection button and functionality" type="FAILURE">
<![CDATA[  [chromium] › e2e/admin-bulk-delete.spec.ts:173:7 › Admin Bulk Delete Analysts › should show clear selection button and functionality 

    Error: Timed out 5000ms waiting for expect(locator).toBeVisible()

    Locator: getByText('John Doe')
    Expected: visible
    Received: <element(s) not found>
    Call log:
      - Expect "toBeVisible" with timeout 5000ms
      - waiting for getByText('John Doe')


      172 |
      173 |   test('should show clear selection button and functionality', async ({ page }) => {
    > 174 |     await expect(page.getByText('John Doe')).toBeVisible()
          |                                              ^
      175 |
      176 |     // Select some analysts
      177 |     const firstRowCheckbox = page.locator('tbody tr:first-child input[type="checkbox"]')
        at /Users/arnaudgrunwald/AGcodework/analyst-portal/tests/e2e/admin-bulk-delete.spec.ts:174:46

    attachment #1: screenshot (image/png) ──────────────────────────────────────────────────────────
    ../test-results/e2e-admin-bulk-delete-Admi-cd6d1-on-button-and-functionality-chromium/test-failed-1.png
    ────────────────────────────────────────────────────────────────────────────────────────────────

    attachment #2: video (video/webm) ──────────────────────────────────────────────────────────────
    ../test-results/e2e-admin-bulk-delete-Admi-cd6d1-on-button-and-functionality-chromium/video.webm
    ────────────────────────────────────────────────────────────────────────────────────────────────

    Error Context: ../test-results/e2e-admin-bulk-delete-Admi-cd6d1-on-button-and-functionality-chromium/error-context.md
]]>
</failure>
<system-out>
<![CDATA[
[[ATTACHMENT|e2e-admin-bulk-delete-Admi-cd6d1-on-button-and-functionality-chromium/test-failed-1.png]]

[[ATTACHMENT|e2e-admin-bulk-delete-Admi-cd6d1-on-button-and-functionality-chromium/video.webm]]

[[ATTACHMENT|e2e-admin-bulk-delete-Admi-cd6d1-on-button-and-functionality-chromium/error-context.md]]
]]>
</system-out>
</testcase>
<testcase name="Admin Bulk Delete Analysts › should open confirmation modal when remove access is clicked" classname="e2e/admin-bulk-delete.spec.ts" time="14.193">
<failure message="admin-bulk-delete.spec.ts:195:7 should open confirmation modal when remove access is clicked" type="FAILURE">
<![CDATA[  [chromium] › e2e/admin-bulk-delete.spec.ts:195:7 › Admin Bulk Delete Analysts › should open confirmation modal when remove access is clicked 

    Error: Timed out 5000ms waiting for expect(locator).toBeVisible()

    Locator: getByText('John Doe')
    Expected: visible
    Received: <element(s) not found>
    Call log:
      - Expect "toBeVisible" with timeout 5000ms
      - waiting for getByText('John Doe')


      194 |
      195 |   test('should open confirmation modal when remove access is clicked', async ({ page }) => {
    > 196 |     await expect(page.getByText('John Doe')).toBeVisible()
          |                                              ^
      197 |
      198 |     // Select analysts
      199 |     const firstRowCheckbox = page.locator('tbody tr:first-child input[type="checkbox"]')
        at /Users/arnaudgrunwald/AGcodework/analyst-portal/tests/e2e/admin-bulk-delete.spec.ts:196:46

    attachment #1: screenshot (image/png) ──────────────────────────────────────────────────────────
    ../test-results/e2e-admin-bulk-delete-Admi-5c4a8-en-remove-access-is-clicked-chromium/test-failed-1.png
    ────────────────────────────────────────────────────────────────────────────────────────────────

    attachment #2: video (video/webm) ──────────────────────────────────────────────────────────────
    ../test-results/e2e-admin-bulk-delete-Admi-5c4a8-en-remove-access-is-clicked-chromium/video.webm
    ────────────────────────────────────────────────────────────────────────────────────────────────

    Error Context: ../test-results/e2e-admin-bulk-delete-Admi-5c4a8-en-remove-access-is-clicked-chromium/error-context.md
]]>
</failure>
<system-out>
<![CDATA[
[[ATTACHMENT|e2e-admin-bulk-delete-Admi-5c4a8-en-remove-access-is-clicked-chromium/test-failed-1.png]]

[[ATTACHMENT|e2e-admin-bulk-delete-Admi-5c4a8-en-remove-access-is-clicked-chromium/video.webm]]

[[ATTACHMENT|e2e-admin-bulk-delete-Admi-5c4a8-en-remove-access-is-clicked-chromium/error-context.md]]
]]>
</system-out>
</testcase>
<testcase name="Admin Bulk Delete Analysts › should allow canceling the deletion" classname="e2e/admin-bulk-delete.spec.ts" time="14.443">
<failure message="admin-bulk-delete.spec.ts:214:7 should allow canceling the deletion" type="FAILURE">
<![CDATA[  [chromium] › e2e/admin-bulk-delete.spec.ts:214:7 › Admin Bulk Delete Analysts › should allow canceling the deletion 

    Error: Timed out 5000ms waiting for expect(locator).toBeVisible()

    Locator: getByText('John Doe')
    Expected: visible
    Received: <element(s) not found>
    Call log:
      - Expect "toBeVisible" with timeout 5000ms
      - waiting for getByText('John Doe')


      213 |
      214 |   test('should allow canceling the deletion', async ({ page }) => {
    > 215 |     await expect(page.getByText('John Doe')).toBeVisible()
          |                                              ^
      216 |
      217 |     // Select analyst and open modal
      218 |     const firstRowCheckbox = page.locator('tbody tr:first-child input[type="checkbox"]')
        at /Users/arnaudgrunwald/AGcodework/analyst-portal/tests/e2e/admin-bulk-delete.spec.ts:215:46

    attachment #1: screenshot (image/png) ──────────────────────────────────────────────────────────
    ../test-results/e2e-admin-bulk-delete-Admi-8c7e3-llow-canceling-the-deletion-chromium/test-failed-1.png
    ────────────────────────────────────────────────────────────────────────────────────────────────

    attachment #2: video (video/webm) ──────────────────────────────────────────────────────────────
    ../test-results/e2e-admin-bulk-delete-Admi-8c7e3-llow-canceling-the-deletion-chromium/video.webm
    ────────────────────────────────────────────────────────────────────────────────────────────────

    Error Context: ../test-results/e2e-admin-bulk-delete-Admi-8c7e3-llow-canceling-the-deletion-chromium/error-context.md
]]>
</failure>
<system-out>
<![CDATA[
[[ATTACHMENT|e2e-admin-bulk-delete-Admi-8c7e3-llow-canceling-the-deletion-chromium/test-failed-1.png]]

[[ATTACHMENT|e2e-admin-bulk-delete-Admi-8c7e3-llow-canceling-the-deletion-chromium/video.webm]]

[[ATTACHMENT|e2e-admin-bulk-delete-Admi-8c7e3-llow-canceling-the-deletion-chromium/error-context.md]]
]]>
</system-out>
</testcase>
<testcase name="Admin Bulk Delete Analysts › should successfully perform bulk deletion" classname="e2e/admin-bulk-delete.spec.ts" time="14.472">
<failure message="admin-bulk-delete.spec.ts:233:7 should successfully perform bulk deletion" type="FAILURE">
<![CDATA[  [chromium] › e2e/admin-bulk-delete.spec.ts:233:7 › Admin Bulk Delete Analysts › should successfully perform bulk deletion 

    Error: Timed out 5000ms waiting for expect(locator).toBeVisible()

    Locator: getByText('John Doe')
    Expected: visible
    Received: <element(s) not found>
    Call log:
      - Expect "toBeVisible" with timeout 5000ms
      - waiting for getByText('John Doe')


      248 |     })
      249 |
    > 250 |     await expect(page.getByText('John Doe')).toBeVisible()
          |                                              ^
      251 |
      252 |     // Select analysts
      253 |     const firstRowCheckbox = page.locator('tbody tr:first-child input[type="checkbox"]')
        at /Users/arnaudgrunwald/AGcodework/analyst-portal/tests/e2e/admin-bulk-delete.spec.ts:250:46

    attachment #1: screenshot (image/png) ──────────────────────────────────────────────────────────
    ../test-results/e2e-admin-bulk-delete-Admi-38863-fully-perform-bulk-deletion-chromium/test-failed-1.png
    ────────────────────────────────────────────────────────────────────────────────────────────────

    attachment #2: video (video/webm) ──────────────────────────────────────────────────────────────
    ../test-results/e2e-admin-bulk-delete-Admi-38863-fully-perform-bulk-deletion-chromium/video.webm
    ────────────────────────────────────────────────────────────────────────────────────────────────

    Error Context: ../test-results/e2e-admin-bulk-delete-Admi-38863-fully-perform-bulk-deletion-chromium/error-context.md
]]>
</failure>
<system-out>
<![CDATA[
[[ATTACHMENT|e2e-admin-bulk-delete-Admi-38863-fully-perform-bulk-deletion-chromium/test-failed-1.png]]

[[ATTACHMENT|e2e-admin-bulk-delete-Admi-38863-fully-perform-bulk-deletion-chromium/video.webm]]

[[ATTACHMENT|e2e-admin-bulk-delete-Admi-38863-fully-perform-bulk-deletion-chromium/error-context.md]]
]]>
</system-out>
</testcase>
<testcase name="Admin Bulk Delete Analysts › should handle API errors gracefully" classname="e2e/admin-bulk-delete.spec.ts" time="12.665">
<failure message="admin-bulk-delete.spec.ts:273:7 should handle API errors gracefully" type="FAILURE">
<![CDATA[  [chromium] › e2e/admin-bulk-delete.spec.ts:273:7 › Admin Bulk Delete Analysts › should handle API errors gracefully 

    Error: Timed out 5000ms waiting for expect(locator).toBeVisible()

    Locator: getByText('John Doe')
    Expected: visible
    Received: <element(s) not found>
    Call log:
      - Expect "toBeVisible" with timeout 5000ms
      - waiting for getByText('John Doe')


      284 |     })
      285 |
    > 286 |     await expect(page.getByText('John Doe')).toBeVisible()
          |                                              ^
      287 |
      288 |     // Select analyst and attempt deletion
      289 |     const firstRowCheckbox = page.locator('tbody tr:first-child input[type="checkbox"]')
        at /Users/arnaudgrunwald/AGcodework/analyst-portal/tests/e2e/admin-bulk-delete.spec.ts:286:46

    attachment #1: screenshot (image/png) ──────────────────────────────────────────────────────────
    ../test-results/e2e-admin-bulk-delete-Admi-b65b4-andle-API-errors-gracefully-chromium/test-failed-1.png
    ────────────────────────────────────────────────────────────────────────────────────────────────

    attachment #2: video (video/webm) ──────────────────────────────────────────────────────────────
    ../test-results/e2e-admin-bulk-delete-Admi-b65b4-andle-API-errors-gracefully-chromium/video.webm
    ────────────────────────────────────────────────────────────────────────────────────────────────

    Error Context: ../test-results/e2e-admin-bulk-delete-Admi-b65b4-andle-API-errors-gracefully-chromium/error-context.md
]]>
</failure>
<system-out>
<![CDATA[
[[ATTACHMENT|e2e-admin-bulk-delete-Admi-b65b4-andle-API-errors-gracefully-chromium/test-failed-1.png]]

[[ATTACHMENT|e2e-admin-bulk-delete-Admi-b65b4-andle-API-errors-gracefully-chromium/video.webm]]

[[ATTACHMENT|e2e-admin-bulk-delete-Admi-b65b4-andle-API-errors-gracefully-chromium/error-context.md]]
]]>
</system-out>
</testcase>
<testcase name="Admin Bulk Delete Analysts › should handle partial success responses" classname="e2e/admin-bulk-delete.spec.ts" time="11.265">
<failure message="admin-bulk-delete.spec.ts:302:7 should handle partial success responses" type="FAILURE">
<![CDATA[  [chromium] › e2e/admin-bulk-delete.spec.ts:302:7 › Admin Bulk Delete Analysts › should handle partial success responses 

    Error: Timed out 5000ms waiting for expect(locator).toBeVisible()

    Locator: getByText('John Doe')
    Expected: visible
    Received: <element(s) not found>
    Call log:
      - Expect "toBeVisible" with timeout 5000ms
      - waiting for getByText('John Doe')


      316 |     })
      317 |
    > 318 |     await expect(page.getByText('John Doe')).toBeVisible()
          |                                              ^
      319 |
      320 |     // Select multiple analysts
      321 |     const firstRowCheckbox = page.locator('tbody tr:first-child input[type="checkbox"]')
        at /Users/arnaudgrunwald/AGcodework/analyst-portal/tests/e2e/admin-bulk-delete.spec.ts:318:46

    attachment #1: screenshot (image/png) ──────────────────────────────────────────────────────────
    ../test-results/e2e-admin-bulk-delete-Admi-ecc37-e-partial-success-responses-chromium/test-failed-1.png
    ────────────────────────────────────────────────────────────────────────────────────────────────

    attachment #2: video (video/webm) ──────────────────────────────────────────────────────────────
    ../test-results/e2e-admin-bulk-delete-Admi-ecc37-e-partial-success-responses-chromium/video.webm
    ────────────────────────────────────────────────────────────────────────────────────────────────

    Error Context: ../test-results/e2e-admin-bulk-delete-Admi-ecc37-e-partial-success-responses-chromium/error-context.md
]]>
</failure>
<system-out>
<![CDATA[
[[ATTACHMENT|e2e-admin-bulk-delete-Admi-ecc37-e-partial-success-responses-chromium/test-failed-1.png]]

[[ATTACHMENT|e2e-admin-bulk-delete-Admi-ecc37-e-partial-success-responses-chromium/video.webm]]

[[ATTACHMENT|e2e-admin-bulk-delete-Admi-ecc37-e-partial-success-responses-chromium/error-context.md]]
]]>
</system-out>
</testcase>
<testcase name="Admin Bulk Delete Analysts › should update selection count dynamically" classname="e2e/admin-bulk-delete.spec.ts" time="11.218">
<failure message="admin-bulk-delete.spec.ts:336:7 should update selection count dynamically" type="FAILURE">
<![CDATA[  [chromium] › e2e/admin-bulk-delete.spec.ts:336:7 › Admin Bulk Delete Analysts › should update selection count dynamically 

    Error: Timed out 5000ms waiting for expect(locator).toBeVisible()

    Locator: getByText('John Doe')
    Expected: visible
    Received: <element(s) not found>
    Call log:
      - Expect "toBeVisible" with timeout 5000ms
      - waiting for getByText('John Doe')


      335 |
      336 |   test('should update selection count dynamically', async ({ page }) => {
    > 337 |     await expect(page.getByText('John Doe')).toBeVisible()
          |                                              ^
      338 |
      339 |     const checkboxes = page.locator('tbody input[type="checkbox"]')
      340 |
        at /Users/arnaudgrunwald/AGcodework/analyst-portal/tests/e2e/admin-bulk-delete.spec.ts:337:46

    attachment #1: screenshot (image/png) ──────────────────────────────────────────────────────────
    ../test-results/e2e-admin-bulk-delete-Admi-87852-selection-count-dynamically-chromium/test-failed-1.png
    ────────────────────────────────────────────────────────────────────────────────────────────────

    attachment #2: video (video/webm) ──────────────────────────────────────────────────────────────
    ../test-results/e2e-admin-bulk-delete-Admi-87852-selection-count-dynamically-chromium/video.webm
    ────────────────────────────────────────────────────────────────────────────────────────────────

    Error Context: ../test-results/e2e-admin-bulk-delete-Admi-87852-selection-count-dynamically-chromium/error-context.md
]]>
</failure>
<system-out>
<![CDATA[
[[ATTACHMENT|e2e-admin-bulk-delete-Admi-87852-selection-count-dynamically-chromium/test-failed-1.png]]

[[ATTACHMENT|e2e-admin-bulk-delete-Admi-87852-selection-count-dynamically-chromium/video.webm]]

[[ATTACHMENT|e2e-admin-bulk-delete-Admi-87852-selection-count-dynamically-chromium/error-context.md]]
]]>
</system-out>
</testcase>
<testcase name="Admin Bulk Delete Analysts › should maintain selection state during filtering" classname="e2e/admin-bulk-delete.spec.ts" time="11.067">
<failure message="admin-bulk-delete.spec.ts:362:7 should maintain selection state during filtering" type="FAILURE">
<![CDATA[  [chromium] › e2e/admin-bulk-delete.spec.ts:362:7 › Admin Bulk Delete Analysts › should maintain selection state during filtering 

    Error: Timed out 5000ms waiting for expect(locator).toBeVisible()

    Locator: getByText('John Doe')
    Expected: visible
    Received: <element(s) not found>
    Call log:
      - Expect "toBeVisible" with timeout 5000ms
      - waiting for getByText('John Doe')


      361 |
      362 |   test('should maintain selection state during filtering', async ({ page }) => {
    > 363 |     await expect(page.getByText('John Doe')).toBeVisible()
          |                                              ^
      364 |
      365 |     // Select an analyst
      366 |     const firstRowCheckbox = page.locator('tbody tr:first-child input[type="checkbox"]')
        at /Users/arnaudgrunwald/AGcodework/analyst-portal/tests/e2e/admin-bulk-delete.spec.ts:363:46

    attachment #1: screenshot (image/png) ──────────────────────────────────────────────────────────
    ../test-results/e2e-admin-bulk-delete-Admi-33c4f-tion-state-during-filtering-chromium/test-failed-1.png
    ────────────────────────────────────────────────────────────────────────────────────────────────

    attachment #2: video (video/webm) ──────────────────────────────────────────────────────────────
    ../test-results/e2e-admin-bulk-delete-Admi-33c4f-tion-state-during-filtering-chromium/video.webm
    ────────────────────────────────────────────────────────────────────────────────────────────────

    Error Context: ../test-results/e2e-admin-bulk-delete-Admi-33c4f-tion-state-during-filtering-chromium/error-context.md
]]>
</failure>
<system-out>
<![CDATA[
[[ATTACHMENT|e2e-admin-bulk-delete-Admi-33c4f-tion-state-during-filtering-chromium/test-failed-1.png]]

[[ATTACHMENT|e2e-admin-bulk-delete-Admi-33c4f-tion-state-during-filtering-chromium/video.webm]]

[[ATTACHMENT|e2e-admin-bulk-delete-Admi-33c4f-tion-state-during-filtering-chromium/error-context.md]]
]]>
</system-out>
</testcase>
</testsuite>
<testsuite name="e2e/admin-bulk-delete.spec.ts" timestamp="2025-10-01T00:45:11.483Z" hostname="firefox" tests="12" failures="12" skipped="0" time="125.561" errors="0">
<testcase name="Admin Bulk Delete Analysts › should display analyst accounts with checkboxes" classname="e2e/admin-bulk-delete.spec.ts" time="9.221">
<failure message="admin-bulk-delete.spec.ts:114:7 should display analyst accounts with checkboxes" type="FAILURE">
<![CDATA[  [firefox] › e2e/admin-bulk-delete.spec.ts:114:7 › Admin Bulk Delete Analysts › should display analyst accounts with checkboxes 

    Error: Timed out 5000ms waiting for expect(locator).toBeVisible()

    Locator: getByText('John Doe')
    Expected: visible
    Received: <element(s) not found>
    Call log:
      - Expect "toBeVisible" with timeout 5000ms
      - waiting for getByText('John Doe')


      114 |   test('should display analyst accounts with checkboxes', async ({ page }) => {
      115 |     // Wait for data to load
    > 116 |     await expect(page.getByText('John Doe')).toBeVisible()
          |                                              ^
      117 |     await expect(page.getByText('Jane Smith')).toBeVisible()
      118 |     await expect(page.getByText('Bob Johnson')).toBeVisible()
      119 |
        at /Users/arnaudgrunwald/AGcodework/analyst-portal/tests/e2e/admin-bulk-delete.spec.ts:116:46

    attachment #1: screenshot (image/png) ──────────────────────────────────────────────────────────
    ../test-results/e2e-admin-bulk-delete-Admi-0dd60-st-accounts-with-checkboxes-firefox/test-failed-1.png
    ────────────────────────────────────────────────────────────────────────────────────────────────

    attachment #2: video (video/webm) ──────────────────────────────────────────────────────────────
    ../test-results/e2e-admin-bulk-delete-Admi-0dd60-st-accounts-with-checkboxes-firefox/video.webm
    ────────────────────────────────────────────────────────────────────────────────────────────────

    Error Context: ../test-results/e2e-admin-bulk-delete-Admi-0dd60-st-accounts-with-checkboxes-firefox/error-context.md
]]>
</failure>
<system-out>
<![CDATA[
[[ATTACHMENT|e2e-admin-bulk-delete-Admi-0dd60-st-accounts-with-checkboxes-firefox/test-failed-1.png]]

[[ATTACHMENT|e2e-admin-bulk-delete-Admi-0dd60-st-accounts-with-checkboxes-firefox/video.webm]]

[[ATTACHMENT|e2e-admin-bulk-delete-Admi-0dd60-st-accounts-with-checkboxes-firefox/error-context.md]]
]]>
</system-out>
</testcase>
<testcase name="Admin Bulk Delete Analysts › should allow selecting individual analysts" classname="e2e/admin-bulk-delete.spec.ts" time="9.393">
<failure message="admin-bulk-delete.spec.ts:125:7 should allow selecting individual analysts" type="FAILURE">
<![CDATA[  [firefox] › e2e/admin-bulk-delete.spec.ts:125:7 › Admin Bulk Delete Analysts › should allow selecting individual analysts 

    Error: Timed out 5000ms waiting for expect(locator).toBeVisible()

    Locator: getByText('John Doe')
    Expected: visible
    Received: <element(s) not found>
    Call log:
      - Expect "toBeVisible" with timeout 5000ms
      - waiting for getByText('John Doe')


      124 |
      125 |   test('should allow selecting individual analysts', async ({ page }) => {
    > 126 |     await expect(page.getByText('John Doe')).toBeVisible()
          |                                              ^
      127 |
      128 |     // Select first analyst
      129 |     const firstRowCheckbox = page.locator('tbody tr:first-child input[type="checkbox"]')
        at /Users/arnaudgrunwald/AGcodework/analyst-portal/tests/e2e/admin-bulk-delete.spec.ts:126:46

    attachment #1: screenshot (image/png) ──────────────────────────────────────────────────────────
    ../test-results/e2e-admin-bulk-delete-Admi-f84f8-lecting-individual-analysts-firefox/test-failed-1.png
    ────────────────────────────────────────────────────────────────────────────────────────────────

    attachment #2: video (video/webm) ──────────────────────────────────────────────────────────────
    ../test-results/e2e-admin-bulk-delete-Admi-f84f8-lecting-individual-analysts-firefox/video.webm
    ────────────────────────────────────────────────────────────────────────────────────────────────

    Error Context: ../test-results/e2e-admin-bulk-delete-Admi-f84f8-lecting-individual-analysts-firefox/error-context.md
]]>
</failure>
<system-out>
<![CDATA[
[[ATTACHMENT|e2e-admin-bulk-delete-Admi-f84f8-lecting-individual-analysts-firefox/test-failed-1.png]]

[[ATTACHMENT|e2e-admin-bulk-delete-Admi-f84f8-lecting-individual-analysts-firefox/video.webm]]

[[ATTACHMENT|e2e-admin-bulk-delete-Admi-f84f8-lecting-individual-analysts-firefox/error-context.md]]
]]>
</system-out>
</testcase>
<testcase name="Admin Bulk Delete Analysts › should allow selecting all analysts with header checkbox" classname="e2e/admin-bulk-delete.spec.ts" time="8.824">
<failure message="admin-bulk-delete.spec.ts:139:7 should allow selecting all analysts with header checkbox" type="FAILURE">
<![CDATA[  [firefox] › e2e/admin-bulk-delete.spec.ts:139:7 › Admin Bulk Delete Analysts › should allow selecting all analysts with header checkbox 

    Error: Timed out 5000ms waiting for expect(locator).toBeVisible()

    Locator: getByText('John Doe')
    Expected: visible
    Received: <element(s) not found>
    Call log:
      - Expect "toBeVisible" with timeout 5000ms
      - waiting for getByText('John Doe')


      138 |
      139 |   test('should allow selecting all analysts with header checkbox', async ({ page }) => {
    > 140 |     await expect(page.getByText('John Doe')).toBeVisible()
          |                                              ^
      141 |
      142 |     // Click header checkbox
      143 |     const headerCheckbox = page.locator('thead input[type="checkbox"]')
        at /Users/arnaudgrunwald/AGcodework/analyst-portal/tests/e2e/admin-bulk-delete.spec.ts:140:46

    attachment #1: screenshot (image/png) ──────────────────────────────────────────────────────────
    ../test-results/e2e-admin-bulk-delete-Admi-5fef1-alysts-with-header-checkbox-firefox/test-failed-1.png
    ────────────────────────────────────────────────────────────────────────────────────────────────

    attachment #2: video (video/webm) ──────────────────────────────────────────────────────────────
    ../test-results/e2e-admin-bulk-delete-Admi-5fef1-alysts-with-header-checkbox-firefox/video.webm
    ────────────────────────────────────────────────────────────────────────────────────────────────

    Error Context: ../test-results/e2e-admin-bulk-delete-Admi-5fef1-alysts-with-header-checkbox-firefox/error-context.md
]]>
</failure>
<system-out>
<![CDATA[
[[ATTACHMENT|e2e-admin-bulk-delete-Admi-5fef1-alysts-with-header-checkbox-firefox/test-failed-1.png]]

[[ATTACHMENT|e2e-admin-bulk-delete-Admi-5fef1-alysts-with-header-checkbox-firefox/video.webm]]

[[ATTACHMENT|e2e-admin-bulk-delete-Admi-5fef1-alysts-with-header-checkbox-firefox/error-context.md]]
]]>
</system-out>
</testcase>
<testcase name="Admin Bulk Delete Analysts › should deselect all when header checkbox is unchecked" classname="e2e/admin-bulk-delete.spec.ts" time="8.229">
<failure message="admin-bulk-delete.spec.ts:158:7 should deselect all when header checkbox is unchecked" type="FAILURE">
<![CDATA[  [firefox] › e2e/admin-bulk-delete.spec.ts:158:7 › Admin Bulk Delete Analysts › should deselect all when header checkbox is unchecked 

    Error: Timed out 5000ms waiting for expect(locator).toBeVisible()

    Locator: getByText('John Doe')
    Expected: visible
    Received: <element(s) not found>
    Call log:
      - Expect "toBeVisible" with timeout 5000ms
      - waiting for getByText('John Doe')


      157 |
      158 |   test('should deselect all when header checkbox is unchecked', async ({ page }) => {
    > 159 |     await expect(page.getByText('John Doe')).toBeVisible()
          |                                              ^
      160 |
      161 |     const headerCheckbox = page.locator('thead input[type="checkbox"]')
      162 |     
        at /Users/arnaudgrunwald/AGcodework/analyst-portal/tests/e2e/admin-bulk-delete.spec.ts:159:46

    attachment #1: screenshot (image/png) ──────────────────────────────────────────────────────────
    ../test-results/e2e-admin-bulk-delete-Admi-ca45c-eader-checkbox-is-unchecked-firefox/test-failed-1.png
    ────────────────────────────────────────────────────────────────────────────────────────────────

    attachment #2: video (video/webm) ──────────────────────────────────────────────────────────────
    ../test-results/e2e-admin-bulk-delete-Admi-ca45c-eader-checkbox-is-unchecked-firefox/video.webm
    ────────────────────────────────────────────────────────────────────────────────────────────────

    Error Context: ../test-results/e2e-admin-bulk-delete-Admi-ca45c-eader-checkbox-is-unchecked-firefox/error-context.md
]]>
</failure>
<system-out>
<![CDATA[
[[ATTACHMENT|e2e-admin-bulk-delete-Admi-ca45c-eader-checkbox-is-unchecked-firefox/test-failed-1.png]]

[[ATTACHMENT|e2e-admin-bulk-delete-Admi-ca45c-eader-checkbox-is-unchecked-firefox/video.webm]]

[[ATTACHMENT|e2e-admin-bulk-delete-Admi-ca45c-eader-checkbox-is-unchecked-firefox/error-context.md]]
]]>
</system-out>
</testcase>
<testcase name="Admin Bulk Delete Analysts › should show clear selection button and functionality" classname="e2e/admin-bulk-delete.spec.ts" time="7.904">
<failure message="admin-bulk-delete.spec.ts:173:7 should show clear selection button and functionality" type="FAILURE">
<![CDATA[  [firefox] › e2e/admin-bulk-delete.spec.ts:173:7 › Admin Bulk Delete Analysts › should show clear selection button and functionality 

    Error: Timed out 5000ms waiting for expect(locator).toBeVisible()

    Locator: getByText('John Doe')
    Expected: visible
    Received: <element(s) not found>
    Call log:
      - Expect "toBeVisible" with timeout 5000ms
      - waiting for getByText('John Doe')


      172 |
      173 |   test('should show clear selection button and functionality', async ({ page }) => {
    > 174 |     await expect(page.getByText('John Doe')).toBeVisible()
          |                                              ^
      175 |
      176 |     // Select some analysts
      177 |     const firstRowCheckbox = page.locator('tbody tr:first-child input[type="checkbox"]')
        at /Users/arnaudgrunwald/AGcodework/analyst-portal/tests/e2e/admin-bulk-delete.spec.ts:174:46

    attachment #1: screenshot (image/png) ──────────────────────────────────────────────────────────
    ../test-results/e2e-admin-bulk-delete-Admi-cd6d1-on-button-and-functionality-firefox/test-failed-1.png
    ────────────────────────────────────────────────────────────────────────────────────────────────

    attachment #2: video (video/webm) ──────────────────────────────────────────────────────────────
    ../test-results/e2e-admin-bulk-delete-Admi-cd6d1-on-button-and-functionality-firefox/video.webm
    ────────────────────────────────────────────────────────────────────────────────────────────────

    Error Context: ../test-results/e2e-admin-bulk-delete-Admi-cd6d1-on-button-and-functionality-firefox/error-context.md
]]>
</failure>
<system-out>
<![CDATA[
[[ATTACHMENT|e2e-admin-bulk-delete-Admi-cd6d1-on-button-and-functionality-firefox/test-failed-1.png]]

[[ATTACHMENT|e2e-admin-bulk-delete-Admi-cd6d1-on-button-and-functionality-firefox/video.webm]]

[[ATTACHMENT|e2e-admin-bulk-delete-Admi-cd6d1-on-button-and-functionality-firefox/error-context.md]]
]]>
</system-out>
</testcase>
<testcase name="Admin Bulk Delete Analysts › should open confirmation modal when remove access is clicked" classname="e2e/admin-bulk-delete.spec.ts" time="11.153">
<failure message="admin-bulk-delete.spec.ts:195:7 should open confirmation modal when remove access is clicked" type="FAILURE">
<![CDATA[  [firefox] › e2e/admin-bulk-delete.spec.ts:195:7 › Admin Bulk Delete Analysts › should open confirmation modal when remove access is clicked 

    Error: Timed out 5000ms waiting for expect(locator).toBeVisible()

    Locator: getByText('John Doe')
    Expected: visible
    Received: <element(s) not found>
    Call log:
      - Expect "toBeVisible" with timeout 5000ms
      - waiting for getByText('John Doe')


      194 |
      195 |   test('should open confirmation modal when remove access is clicked', async ({ page }) => {
    > 196 |     await expect(page.getByText('John Doe')).toBeVisible()
          |                                              ^
      197 |
      198 |     // Select analysts
      199 |     const firstRowCheckbox = page.locator('tbody tr:first-child input[type="checkbox"]')
        at /Users/arnaudgrunwald/AGcodework/analyst-portal/tests/e2e/admin-bulk-delete.spec.ts:196:46

    attachment #1: screenshot (image/png) ──────────────────────────────────────────────────────────
    ../test-results/e2e-admin-bulk-delete-Admi-5c4a8-en-remove-access-is-clicked-firefox/test-failed-1.png
    ────────────────────────────────────────────────────────────────────────────────────────────────

    attachment #2: video (video/webm) ──────────────────────────────────────────────────────────────
    ../test-results/e2e-admin-bulk-delete-Admi-5c4a8-en-remove-access-is-clicked-firefox/video.webm
    ────────────────────────────────────────────────────────────────────────────────────────────────

    Error Context: ../test-results/e2e-admin-bulk-delete-Admi-5c4a8-en-remove-access-is-clicked-firefox/error-context.md
]]>
</failure>
<system-out>
<![CDATA[
[[ATTACHMENT|e2e-admin-bulk-delete-Admi-5c4a8-en-remove-access-is-clicked-firefox/test-failed-1.png]]

[[ATTACHMENT|e2e-admin-bulk-delete-Admi-5c4a8-en-remove-access-is-clicked-firefox/video.webm]]

[[ATTACHMENT|e2e-admin-bulk-delete-Admi-5c4a8-en-remove-access-is-clicked-firefox/error-context.md]]
]]>
</system-out>
</testcase>
<testcase name="Admin Bulk Delete Analysts › should allow canceling the deletion" classname="e2e/admin-bulk-delete.spec.ts" time="17.199">
<failure message="admin-bulk-delete.spec.ts:214:7 should allow canceling the deletion" type="FAILURE">
<![CDATA[  [firefox] › e2e/admin-bulk-delete.spec.ts:214:7 › Admin Bulk Delete Analysts › should allow canceling the deletion 

    Error: Timed out 5000ms waiting for expect(locator).toBeVisible()

    Locator: getByText('John Doe')
    Expected: visible
    Received: <element(s) not found>
    Call log:
      - Expect "toBeVisible" with timeout 5000ms
      - waiting for getByText('John Doe')


      213 |
      214 |   test('should allow canceling the deletion', async ({ page }) => {
    > 215 |     await expect(page.getByText('John Doe')).toBeVisible()
          |                                              ^
      216 |
      217 |     // Select analyst and open modal
      218 |     const firstRowCheckbox = page.locator('tbody tr:first-child input[type="checkbox"]')
        at /Users/arnaudgrunwald/AGcodework/analyst-portal/tests/e2e/admin-bulk-delete.spec.ts:215:46

    attachment #1: screenshot (image/png) ──────────────────────────────────────────────────────────
    ../test-results/e2e-admin-bulk-delete-Admi-8c7e3-llow-canceling-the-deletion-firefox/test-failed-1.png
    ────────────────────────────────────────────────────────────────────────────────────────────────

    attachment #2: video (video/webm) ──────────────────────────────────────────────────────────────
    ../test-results/e2e-admin-bulk-delete-Admi-8c7e3-llow-canceling-the-deletion-firefox/video.webm
    ────────────────────────────────────────────────────────────────────────────────────────────────

    Error Context: ../test-results/e2e-admin-bulk-delete-Admi-8c7e3-llow-canceling-the-deletion-firefox/error-context.md
]]>
</failure>
<system-out>
<![CDATA[
[[ATTACHMENT|e2e-admin-bulk-delete-Admi-8c7e3-llow-canceling-the-deletion-firefox/test-failed-1.png]]

[[ATTACHMENT|e2e-admin-bulk-delete-Admi-8c7e3-llow-canceling-the-deletion-firefox/video.webm]]

[[ATTACHMENT|e2e-admin-bulk-delete-Admi-8c7e3-llow-canceling-the-deletion-firefox/error-context.md]]
]]>
</system-out>
</testcase>
<testcase name="Admin Bulk Delete Analysts › should successfully perform bulk deletion" classname="e2e/admin-bulk-delete.spec.ts" time="10.54">
<failure message="admin-bulk-delete.spec.ts:233:7 should successfully perform bulk deletion" type="FAILURE">
<![CDATA[  [firefox] › e2e/admin-bulk-delete.spec.ts:233:7 › Admin Bulk Delete Analysts › should successfully perform bulk deletion 

    Error: Timed out 5000ms waiting for expect(locator).toBeVisible()

    Locator: getByText('John Doe')
    Expected: visible
    Received: <element(s) not found>
    Call log:
      - Expect "toBeVisible" with timeout 5000ms
      - waiting for getByText('John Doe')


      248 |     })
      249 |
    > 250 |     await expect(page.getByText('John Doe')).toBeVisible()
          |                                              ^
      251 |
      252 |     // Select analysts
      253 |     const firstRowCheckbox = page.locator('tbody tr:first-child input[type="checkbox"]')
        at /Users/arnaudgrunwald/AGcodework/analyst-portal/tests/e2e/admin-bulk-delete.spec.ts:250:46

    attachment #1: screenshot (image/png) ──────────────────────────────────────────────────────────
    ../test-results/e2e-admin-bulk-delete-Admi-38863-fully-perform-bulk-deletion-firefox/test-failed-1.png
    ────────────────────────────────────────────────────────────────────────────────────────────────

    attachment #2: video (video/webm) ──────────────────────────────────────────────────────────────
    ../test-results/e2e-admin-bulk-delete-Admi-38863-fully-perform-bulk-deletion-firefox/video.webm
    ────────────────────────────────────────────────────────────────────────────────────────────────

    Error Context: ../test-results/e2e-admin-bulk-delete-Admi-38863-fully-perform-bulk-deletion-firefox/error-context.md
]]>
</failure>
<system-out>
<![CDATA[
[[ATTACHMENT|e2e-admin-bulk-delete-Admi-38863-fully-perform-bulk-deletion-firefox/test-failed-1.png]]

[[ATTACHMENT|e2e-admin-bulk-delete-Admi-38863-fully-perform-bulk-deletion-firefox/video.webm]]

[[ATTACHMENT|e2e-admin-bulk-delete-Admi-38863-fully-perform-bulk-deletion-firefox/error-context.md]]
]]>
</system-out>
</testcase>
<testcase name="Admin Bulk Delete Analysts › should handle API errors gracefully" classname="e2e/admin-bulk-delete.spec.ts" time="11.161">
<failure message="admin-bulk-delete.spec.ts:273:7 should handle API errors gracefully" type="FAILURE">
<![CDATA[  [firefox] › e2e/admin-bulk-delete.spec.ts:273:7 › Admin Bulk Delete Analysts › should handle API errors gracefully 

    Error: Timed out 5000ms waiting for expect(locator).toBeVisible()

    Locator: getByText('John Doe')
    Expected: visible
    Received: <element(s) not found>
    Call log:
      - Expect "toBeVisible" with timeout 5000ms
      - waiting for getByText('John Doe')


      284 |     })
      285 |
    > 286 |     await expect(page.getByText('John Doe')).toBeVisible()
          |                                              ^
      287 |
      288 |     // Select analyst and attempt deletion
      289 |     const firstRowCheckbox = page.locator('tbody tr:first-child input[type="checkbox"]')
        at /Users/arnaudgrunwald/AGcodework/analyst-portal/tests/e2e/admin-bulk-delete.spec.ts:286:46

    attachment #1: screenshot (image/png) ──────────────────────────────────────────────────────────
    ../test-results/e2e-admin-bulk-delete-Admi-b65b4-andle-API-errors-gracefully-firefox/test-failed-1.png
    ────────────────────────────────────────────────────────────────────────────────────────────────

    attachment #2: video (video/webm) ──────────────────────────────────────────────────────────────
    ../test-results/e2e-admin-bulk-delete-Admi-b65b4-andle-API-errors-gracefully-firefox/video.webm
    ────────────────────────────────────────────────────────────────────────────────────────────────

    Error Context: ../test-results/e2e-admin-bulk-delete-Admi-b65b4-andle-API-errors-gracefully-firefox/error-context.md
]]>
</failure>
<system-out>
<![CDATA[
[[ATTACHMENT|e2e-admin-bulk-delete-Admi-b65b4-andle-API-errors-gracefully-firefox/test-failed-1.png]]

[[ATTACHMENT|e2e-admin-bulk-delete-Admi-b65b4-andle-API-errors-gracefully-firefox/video.webm]]

[[ATTACHMENT|e2e-admin-bulk-delete-Admi-b65b4-andle-API-errors-gracefully-firefox/error-context.md]]
]]>
</system-out>
</testcase>
<testcase name="Admin Bulk Delete Analysts › should handle partial success responses" classname="e2e/admin-bulk-delete.spec.ts" time="9.754">
<failure message="admin-bulk-delete.spec.ts:302:7 should handle partial success responses" type="FAILURE">
<![CDATA[  [firefox] › e2e/admin-bulk-delete.spec.ts:302:7 › Admin Bulk Delete Analysts › should handle partial success responses 

    Error: Timed out 5000ms waiting for expect(locator).toBeVisible()

    Locator: getByText('John Doe')
    Expected: visible
    Received: <element(s) not found>
    Call log:
      - Expect "toBeVisible" with timeout 5000ms
      - waiting for getByText('John Doe')


      316 |     })
      317 |
    > 318 |     await expect(page.getByText('John Doe')).toBeVisible()
          |                                              ^
      319 |
      320 |     // Select multiple analysts
      321 |     const firstRowCheckbox = page.locator('tbody tr:first-child input[type="checkbox"]')
        at /Users/arnaudgrunwald/AGcodework/analyst-portal/tests/e2e/admin-bulk-delete.spec.ts:318:46

    attachment #1: screenshot (image/png) ──────────────────────────────────────────────────────────
    ../test-results/e2e-admin-bulk-delete-Admi-ecc37-e-partial-success-responses-firefox/test-failed-1.png
    ────────────────────────────────────────────────────────────────────────────────────────────────

    attachment #2: video (video/webm) ──────────────────────────────────────────────────────────────
    ../test-results/e2e-admin-bulk-delete-Admi-ecc37-e-partial-success-responses-firefox/video.webm
    ────────────────────────────────────────────────────────────────────────────────────────────────

    Error Context: ../test-results/e2e-admin-bulk-delete-Admi-ecc37-e-partial-success-responses-firefox/error-context.md
]]>
</failure>
<system-out>
<![CDATA[
[[ATTACHMENT|e2e-admin-bulk-delete-Admi-ecc37-e-partial-success-responses-firefox/test-failed-1.png]]

[[ATTACHMENT|e2e-admin-bulk-delete-Admi-ecc37-e-partial-success-responses-firefox/video.webm]]

[[ATTACHMENT|e2e-admin-bulk-delete-Admi-ecc37-e-partial-success-responses-firefox/error-context.md]]
]]>
</system-out>
</testcase>
<testcase name="Admin Bulk Delete Analysts › should update selection count dynamically" classname="e2e/admin-bulk-delete.spec.ts" time="10.353">
<failure message="admin-bulk-delete.spec.ts:336:7 should update selection count dynamically" type="FAILURE">
<![CDATA[  [firefox] › e2e/admin-bulk-delete.spec.ts:336:7 › Admin Bulk Delete Analysts › should update selection count dynamically 

    Error: Timed out 5000ms waiting for expect(locator).toBeVisible()

    Locator: getByText('John Doe')
    Expected: visible
    Received: <element(s) not found>
    Call log:
      - Expect "toBeVisible" with timeout 5000ms
      - waiting for getByText('John Doe')


      335 |
      336 |   test('should update selection count dynamically', async ({ page }) => {
    > 337 |     await expect(page.getByText('John Doe')).toBeVisible()
          |                                              ^
      338 |
      339 |     const checkboxes = page.locator('tbody input[type="checkbox"]')
      340 |
        at /Users/arnaudgrunwald/AGcodework/analyst-portal/tests/e2e/admin-bulk-delete.spec.ts:337:46

    attachment #1: screenshot (image/png) ──────────────────────────────────────────────────────────
    ../test-results/e2e-admin-bulk-delete-Admi-87852-selection-count-dynamically-firefox/test-failed-1.png
    ────────────────────────────────────────────────────────────────────────────────────────────────

    attachment #2: video (video/webm) ──────────────────────────────────────────────────────────────
    ../test-results/e2e-admin-bulk-delete-Admi-87852-selection-count-dynamically-firefox/video.webm
    ────────────────────────────────────────────────────────────────────────────────────────────────

    Error Context: ../test-results/e2e-admin-bulk-delete-Admi-87852-selection-count-dynamically-firefox/error-context.md
]]>
</failure>
<system-out>
<![CDATA[
[[ATTACHMENT|e2e-admin-bulk-delete-Admi-87852-selection-count-dynamically-firefox/test-failed-1.png]]

[[ATTACHMENT|e2e-admin-bulk-delete-Admi-87852-selection-count-dynamically-firefox/video.webm]]

[[ATTACHMENT|e2e-admin-bulk-delete-Admi-87852-selection-count-dynamically-firefox/error-context.md]]
]]>
</system-out>
</testcase>
<testcase name="Admin Bulk Delete Analysts › should maintain selection state during filtering" classname="e2e/admin-bulk-delete.spec.ts" time="11.83">
<failure message="admin-bulk-delete.spec.ts:362:7 should maintain selection state during filtering" type="FAILURE">
<![CDATA[  [firefox] › e2e/admin-bulk-delete.spec.ts:362:7 › Admin Bulk Delete Analysts › should maintain selection state during filtering 

    Error: Timed out 5000ms waiting for expect(locator).toBeVisible()

    Locator: getByText('John Doe')
    Expected: visible
    Received: <element(s) not found>
    Call log:
      - Expect "toBeVisible" with timeout 5000ms
      - waiting for getByText('John Doe')


      361 |
      362 |   test('should maintain selection state during filtering', async ({ page }) => {
    > 363 |     await expect(page.getByText('John Doe')).toBeVisible()
          |                                              ^
      364 |
      365 |     // Select an analyst
      366 |     const firstRowCheckbox = page.locator('tbody tr:first-child input[type="checkbox"]')
        at /Users/arnaudgrunwald/AGcodework/analyst-portal/tests/e2e/admin-bulk-delete.spec.ts:363:46

    attachment #1: screenshot (image/png) ──────────────────────────────────────────────────────────
    ../test-results/e2e-admin-bulk-delete-Admi-33c4f-tion-state-during-filtering-firefox/test-failed-1.png
    ────────────────────────────────────────────────────────────────────────────────────────────────

    attachment #2: video (video/webm) ──────────────────────────────────────────────────────────────
    ../test-results/e2e-admin-bulk-delete-Admi-33c4f-tion-state-during-filtering-firefox/video.webm
    ────────────────────────────────────────────────────────────────────────────────────────────────

    Error Context: ../test-results/e2e-admin-bulk-delete-Admi-33c4f-tion-state-during-filtering-firefox/error-context.md
]]>
</failure>
<system-out>
<![CDATA[
[[ATTACHMENT|e2e-admin-bulk-delete-Admi-33c4f-tion-state-during-filtering-firefox/test-failed-1.png]]

[[ATTACHMENT|e2e-admin-bulk-delete-Admi-33c4f-tion-state-during-filtering-firefox/video.webm]]

[[ATTACHMENT|e2e-admin-bulk-delete-Admi-33c4f-tion-state-during-filtering-firefox/error-context.md]]
]]>
</system-out>
</testcase>
</testsuite>
<testsuite name="e2e/admin-bulk-delete.spec.ts" timestamp="2025-10-01T00:45:11.483Z" hostname="webkit" tests="12" failures="12" skipped="0" time="141.199" errors="0">
<testcase name="Admin Bulk Delete Analysts › should display analyst accounts with checkboxes" classname="e2e/admin-bulk-delete.spec.ts" time="15.814">
<failure message="admin-bulk-delete.spec.ts:114:7 should display analyst accounts with checkboxes" type="FAILURE">
<![CDATA[  [webkit] › e2e/admin-bulk-delete.spec.ts:114:7 › Admin Bulk Delete Analysts › should display analyst accounts with checkboxes 

    Error: Timed out 5000ms waiting for expect(locator).toBeVisible()

    Locator: getByText('John Doe')
    Expected: visible
    Received: <element(s) not found>
    Call log:
      - Expect "toBeVisible" with timeout 5000ms
      - waiting for getByText('John Doe')


      114 |   test('should display analyst accounts with checkboxes', async ({ page }) => {
      115 |     // Wait for data to load
    > 116 |     await expect(page.getByText('John Doe')).toBeVisible()
          |                                              ^
      117 |     await expect(page.getByText('Jane Smith')).toBeVisible()
      118 |     await expect(page.getByText('Bob Johnson')).toBeVisible()
      119 |
        at /Users/arnaudgrunwald/AGcodework/analyst-portal/tests/e2e/admin-bulk-delete.spec.ts:116:46

    attachment #1: screenshot (image/png) ──────────────────────────────────────────────────────────
    ../test-results/e2e-admin-bulk-delete-Admi-0dd60-st-accounts-with-checkboxes-webkit/test-failed-1.png
    ────────────────────────────────────────────────────────────────────────────────────────────────

    attachment #2: video (video/webm) ──────────────────────────────────────────────────────────────
    ../test-results/e2e-admin-bulk-delete-Admi-0dd60-st-accounts-with-checkboxes-webkit/video.webm
    ────────────────────────────────────────────────────────────────────────────────────────────────

    Error Context: ../test-results/e2e-admin-bulk-delete-Admi-0dd60-st-accounts-with-checkboxes-webkit/error-context.md
]]>
</failure>
<system-out>
<![CDATA[
[[ATTACHMENT|e2e-admin-bulk-delete-Admi-0dd60-st-accounts-with-checkboxes-webkit/test-failed-1.png]]

[[ATTACHMENT|e2e-admin-bulk-delete-Admi-0dd60-st-accounts-with-checkboxes-webkit/video.webm]]

[[ATTACHMENT|e2e-admin-bulk-delete-Admi-0dd60-st-accounts-with-checkboxes-webkit/error-context.md]]
]]>
</system-out>
</testcase>
<testcase name="Admin Bulk Delete Analysts › should allow selecting individual analysts" classname="e2e/admin-bulk-delete.spec.ts" time="15.805">
<failure message="admin-bulk-delete.spec.ts:125:7 should allow selecting individual analysts" type="FAILURE">
<![CDATA[  [webkit] › e2e/admin-bulk-delete.spec.ts:125:7 › Admin Bulk Delete Analysts › should allow selecting individual analysts 

    Error: Timed out 5000ms waiting for expect(locator).toBeVisible()

    Locator: getByText('John Doe')
    Expected: visible
    Received: <element(s) not found>
    Call log:
      - Expect "toBeVisible" with timeout 5000ms
      - waiting for getByText('John Doe')


      124 |
      125 |   test('should allow selecting individual analysts', async ({ page }) => {
    > 126 |     await expect(page.getByText('John Doe')).toBeVisible()
          |                                              ^
      127 |
      128 |     // Select first analyst
      129 |     const firstRowCheckbox = page.locator('tbody tr:first-child input[type="checkbox"]')
        at /Users/arnaudgrunwald/AGcodework/analyst-portal/tests/e2e/admin-bulk-delete.spec.ts:126:46

    attachment #1: screenshot (image/png) ──────────────────────────────────────────────────────────
    ../test-results/e2e-admin-bulk-delete-Admi-f84f8-lecting-individual-analysts-webkit/test-failed-1.png
    ────────────────────────────────────────────────────────────────────────────────────────────────

    attachment #2: video (video/webm) ──────────────────────────────────────────────────────────────
    ../test-results/e2e-admin-bulk-delete-Admi-f84f8-lecting-individual-analysts-webkit/video.webm
    ────────────────────────────────────────────────────────────────────────────────────────────────

    Error Context: ../test-results/e2e-admin-bulk-delete-Admi-f84f8-lecting-individual-analysts-webkit/error-context.md
]]>
</failure>
<system-out>
<![CDATA[
[[ATTACHMENT|e2e-admin-bulk-delete-Admi-f84f8-lecting-individual-analysts-webkit/test-failed-1.png]]

[[ATTACHMENT|e2e-admin-bulk-delete-Admi-f84f8-lecting-individual-analysts-webkit/video.webm]]

[[ATTACHMENT|e2e-admin-bulk-delete-Admi-f84f8-lecting-individual-analysts-webkit/error-context.md]]
]]>
</system-out>
</testcase>
<testcase name="Admin Bulk Delete Analysts › should allow selecting all analysts with header checkbox" classname="e2e/admin-bulk-delete.spec.ts" time="15.778">
<failure message="admin-bulk-delete.spec.ts:139:7 should allow selecting all analysts with header checkbox" type="FAILURE">
<![CDATA[  [webkit] › e2e/admin-bulk-delete.spec.ts:139:7 › Admin Bulk Delete Analysts › should allow selecting all analysts with header checkbox 

    Error: Timed out 5000ms waiting for expect(locator).toBeVisible()

    Locator: getByText('John Doe')
    Expected: visible
    Received: <element(s) not found>
    Call log:
      - Expect "toBeVisible" with timeout 5000ms
      - waiting for getByText('John Doe')


      138 |
      139 |   test('should allow selecting all analysts with header checkbox', async ({ page }) => {
    > 140 |     await expect(page.getByText('John Doe')).toBeVisible()
          |                                              ^
      141 |
      142 |     // Click header checkbox
      143 |     const headerCheckbox = page.locator('thead input[type="checkbox"]')
        at /Users/arnaudgrunwald/AGcodework/analyst-portal/tests/e2e/admin-bulk-delete.spec.ts:140:46

    attachment #1: screenshot (image/png) ──────────────────────────────────────────────────────────
    ../test-results/e2e-admin-bulk-delete-Admi-5fef1-alysts-with-header-checkbox-webkit/test-failed-1.png
    ────────────────────────────────────────────────────────────────────────────────────────────────

    attachment #2: video (video/webm) ──────────────────────────────────────────────────────────────
    ../test-results/e2e-admin-bulk-delete-Admi-5fef1-alysts-with-header-checkbox-webkit/video.webm
    ────────────────────────────────────────────────────────────────────────────────────────────────

    Error Context: ../test-results/e2e-admin-bulk-delete-Admi-5fef1-alysts-with-header-checkbox-webkit/error-context.md
]]>
</failure>
<system-out>
<![CDATA[
[[ATTACHMENT|e2e-admin-bulk-delete-Admi-5fef1-alysts-with-header-checkbox-webkit/test-failed-1.png]]

[[ATTACHMENT|e2e-admin-bulk-delete-Admi-5fef1-alysts-with-header-checkbox-webkit/video.webm]]

[[ATTACHMENT|e2e-admin-bulk-delete-Admi-5fef1-alysts-with-header-checkbox-webkit/error-context.md]]
]]>
</system-out>
</testcase>
<testcase name="Admin Bulk Delete Analysts › should deselect all when header checkbox is unchecked" classname="e2e/admin-bulk-delete.spec.ts" time="9.548">
<failure message="admin-bulk-delete.spec.ts:158:7 should deselect all when header checkbox is unchecked" type="FAILURE">
<![CDATA[  [webkit] › e2e/admin-bulk-delete.spec.ts:158:7 › Admin Bulk Delete Analysts › should deselect all when header checkbox is unchecked 

    Error: Timed out 5000ms waiting for expect(locator).toBeVisible()

    Locator: getByText('John Doe')
    Expected: visible
    Received: <element(s) not found>
    Call log:
      - Expect "toBeVisible" with timeout 5000ms
      - waiting for getByText('John Doe')


      157 |
      158 |   test('should deselect all when header checkbox is unchecked', async ({ page }) => {
    > 159 |     await expect(page.getByText('John Doe')).toBeVisible()
          |                                              ^
      160 |
      161 |     const headerCheckbox = page.locator('thead input[type="checkbox"]')
      162 |     
        at /Users/arnaudgrunwald/AGcodework/analyst-portal/tests/e2e/admin-bulk-delete.spec.ts:159:46

    attachment #1: screenshot (image/png) ──────────────────────────────────────────────────────────
    ../test-results/e2e-admin-bulk-delete-Admi-ca45c-eader-checkbox-is-unchecked-webkit/test-failed-1.png
    ────────────────────────────────────────────────────────────────────────────────────────────────

    attachment #2: video (video/webm) ──────────────────────────────────────────────────────────────
    ../test-results/e2e-admin-bulk-delete-Admi-ca45c-eader-checkbox-is-unchecked-webkit/video.webm
    ────────────────────────────────────────────────────────────────────────────────────────────────

    Error Context: ../test-results/e2e-admin-bulk-delete-Admi-ca45c-eader-checkbox-is-unchecked-webkit/error-context.md
]]>
</failure>
<system-out>
<![CDATA[
[[ATTACHMENT|e2e-admin-bulk-delete-Admi-ca45c-eader-checkbox-is-unchecked-webkit/test-failed-1.png]]

[[ATTACHMENT|e2e-admin-bulk-delete-Admi-ca45c-eader-checkbox-is-unchecked-webkit/video.webm]]

[[ATTACHMENT|e2e-admin-bulk-delete-Admi-ca45c-eader-checkbox-is-unchecked-webkit/error-context.md]]
]]>
</system-out>
</testcase>
<testcase name="Admin Bulk Delete Analysts › should show clear selection button and functionality" classname="e2e/admin-bulk-delete.spec.ts" time="12.14">
<failure message="admin-bulk-delete.spec.ts:173:7 should show clear selection button and functionality" type="FAILURE">
<![CDATA[  [webkit] › e2e/admin-bulk-delete.spec.ts:173:7 › Admin Bulk Delete Analysts › should show clear selection button and functionality 

    Error: Timed out 5000ms waiting for expect(locator).toBeVisible()

    Locator: getByText('John Doe')
    Expected: visible
    Received: <element(s) not found>
    Call log:
      - Expect "toBeVisible" with timeout 5000ms
      - waiting for getByText('John Doe')


      172 |
      173 |   test('should show clear selection button and functionality', async ({ page }) => {
    > 174 |     await expect(page.getByText('John Doe')).toBeVisible()
          |                                              ^
      175 |
      176 |     // Select some analysts
      177 |     const firstRowCheckbox = page.locator('tbody tr:first-child input[type="checkbox"]')
        at /Users/arnaudgrunwald/AGcodework/analyst-portal/tests/e2e/admin-bulk-delete.spec.ts:174:46

    attachment #1: screenshot (image/png) ──────────────────────────────────────────────────────────
    ../test-results/e2e-admin-bulk-delete-Admi-cd6d1-on-button-and-functionality-webkit/test-failed-1.png
    ────────────────────────────────────────────────────────────────────────────────────────────────

    attachment #2: video (video/webm) ──────────────────────────────────────────────────────────────
    ../test-results/e2e-admin-bulk-delete-Admi-cd6d1-on-button-and-functionality-webkit/video.webm
    ────────────────────────────────────────────────────────────────────────────────────────────────

    Error Context: ../test-results/e2e-admin-bulk-delete-Admi-cd6d1-on-button-and-functionality-webkit/error-context.md
]]>
</failure>
<system-out>
<![CDATA[
[[ATTACHMENT|e2e-admin-bulk-delete-Admi-cd6d1-on-button-and-functionality-webkit/test-failed-1.png]]

[[ATTACHMENT|e2e-admin-bulk-delete-Admi-cd6d1-on-button-and-functionality-webkit/video.webm]]

[[ATTACHMENT|e2e-admin-bulk-delete-Admi-cd6d1-on-button-and-functionality-webkit/error-context.md]]
]]>
</system-out>
</testcase>
<testcase name="Admin Bulk Delete Analysts › should open confirmation modal when remove access is clicked" classname="e2e/admin-bulk-delete.spec.ts" time="14.166">
<failure message="admin-bulk-delete.spec.ts:195:7 should open confirmation modal when remove access is clicked" type="FAILURE">
<![CDATA[  [webkit] › e2e/admin-bulk-delete.spec.ts:195:7 › Admin Bulk Delete Analysts › should open confirmation modal when remove access is clicked 

    Error: Timed out 5000ms waiting for expect(locator).toBeVisible()

    Locator: getByText('John Doe')
    Expected: visible
    Received: <element(s) not found>
    Call log:
      - Expect "toBeVisible" with timeout 5000ms
      - waiting for getByText('John Doe')


      194 |
      195 |   test('should open confirmation modal when remove access is clicked', async ({ page }) => {
    > 196 |     await expect(page.getByText('John Doe')).toBeVisible()
          |                                              ^
      197 |
      198 |     // Select analysts
      199 |     const firstRowCheckbox = page.locator('tbody tr:first-child input[type="checkbox"]')
        at /Users/arnaudgrunwald/AGcodework/analyst-portal/tests/e2e/admin-bulk-delete.spec.ts:196:46

    attachment #1: screenshot (image/png) ──────────────────────────────────────────────────────────
    ../test-results/e2e-admin-bulk-delete-Admi-5c4a8-en-remove-access-is-clicked-webkit/test-failed-1.png
    ────────────────────────────────────────────────────────────────────────────────────────────────

    attachment #2: video (video/webm) ──────────────────────────────────────────────────────────────
    ../test-results/e2e-admin-bulk-delete-Admi-5c4a8-en-remove-access-is-clicked-webkit/video.webm
    ────────────────────────────────────────────────────────────────────────────────────────────────

    Error Context: ../test-results/e2e-admin-bulk-delete-Admi-5c4a8-en-remove-access-is-clicked-webkit/error-context.md
]]>
</failure>
<system-out>
<![CDATA[
[[ATTACHMENT|e2e-admin-bulk-delete-Admi-5c4a8-en-remove-access-is-clicked-webkit/test-failed-1.png]]

[[ATTACHMENT|e2e-admin-bulk-delete-Admi-5c4a8-en-remove-access-is-clicked-webkit/video.webm]]

[[ATTACHMENT|e2e-admin-bulk-delete-Admi-5c4a8-en-remove-access-is-clicked-webkit/error-context.md]]
]]>
</system-out>
</testcase>
<testcase name="Admin Bulk Delete Analysts › should allow canceling the deletion" classname="e2e/admin-bulk-delete.spec.ts" time="14.1">
<failure message="admin-bulk-delete.spec.ts:214:7 should allow canceling the deletion" type="FAILURE">
<![CDATA[  [webkit] › e2e/admin-bulk-delete.spec.ts:214:7 › Admin Bulk Delete Analysts › should allow canceling the deletion 

    Error: Timed out 5000ms waiting for expect(locator).toBeVisible()

    Locator: getByText('John Doe')
    Expected: visible
    Received: <element(s) not found>
    Call log:
      - Expect "toBeVisible" with timeout 5000ms
      - waiting for getByText('John Doe')


      213 |
      214 |   test('should allow canceling the deletion', async ({ page }) => {
    > 215 |     await expect(page.getByText('John Doe')).toBeVisible()
          |                                              ^
      216 |
      217 |     // Select analyst and open modal
      218 |     const firstRowCheckbox = page.locator('tbody tr:first-child input[type="checkbox"]')
        at /Users/arnaudgrunwald/AGcodework/analyst-portal/tests/e2e/admin-bulk-delete.spec.ts:215:46

    attachment #1: screenshot (image/png) ──────────────────────────────────────────────────────────
    ../test-results/e2e-admin-bulk-delete-Admi-8c7e3-llow-canceling-the-deletion-webkit/test-failed-1.png
    ────────────────────────────────────────────────────────────────────────────────────────────────

    attachment #2: video (video/webm) ──────────────────────────────────────────────────────────────
    ../test-results/e2e-admin-bulk-delete-Admi-8c7e3-llow-canceling-the-deletion-webkit/video.webm
    ────────────────────────────────────────────────────────────────────────────────────────────────

    Error Context: ../test-results/e2e-admin-bulk-delete-Admi-8c7e3-llow-canceling-the-deletion-webkit/error-context.md
]]>
</failure>
<system-out>
<![CDATA[
[[ATTACHMENT|e2e-admin-bulk-delete-Admi-8c7e3-llow-canceling-the-deletion-webkit/test-failed-1.png]]

[[ATTACHMENT|e2e-admin-bulk-delete-Admi-8c7e3-llow-canceling-the-deletion-webkit/video.webm]]

[[ATTACHMENT|e2e-admin-bulk-delete-Admi-8c7e3-llow-canceling-the-deletion-webkit/error-context.md]]
]]>
</system-out>
</testcase>
<testcase name="Admin Bulk Delete Analysts › should successfully perform bulk deletion" classname="e2e/admin-bulk-delete.spec.ts" time="10.492">
<failure message="admin-bulk-delete.spec.ts:233:7 should successfully perform bulk deletion" type="FAILURE">
<![CDATA[  [webkit] › e2e/admin-bulk-delete.spec.ts:233:7 › Admin Bulk Delete Analysts › should successfully perform bulk deletion 

    Error: Timed out 5000ms waiting for expect(locator).toBeVisible()

    Locator: getByText('John Doe')
    Expected: visible
    Received: <element(s) not found>
    Call log:
      - Expect "toBeVisible" with timeout 5000ms
      - waiting for getByText('John Doe')


      248 |     })
      249 |
    > 250 |     await expect(page.getByText('John Doe')).toBeVisible()
          |                                              ^
      251 |
      252 |     // Select analysts
      253 |     const firstRowCheckbox = page.locator('tbody tr:first-child input[type="checkbox"]')
        at /Users/arnaudgrunwald/AGcodework/analyst-portal/tests/e2e/admin-bulk-delete.spec.ts:250:46

    attachment #1: screenshot (image/png) ──────────────────────────────────────────────────────────
    ../test-results/e2e-admin-bulk-delete-Admi-38863-fully-perform-bulk-deletion-webkit/test-failed-1.png
    ────────────────────────────────────────────────────────────────────────────────────────────────

    attachment #2: video (video/webm) ──────────────────────────────────────────────────────────────
    ../test-results/e2e-admin-bulk-delete-Admi-38863-fully-perform-bulk-deletion-webkit/video.webm
    ────────────────────────────────────────────────────────────────────────────────────────────────

    Error Context: ../test-results/e2e-admin-bulk-delete-Admi-38863-fully-perform-bulk-deletion-webkit/error-context.md
]]>
</failure>
<system-out>
<![CDATA[
[[ATTACHMENT|e2e-admin-bulk-delete-Admi-38863-fully-perform-bulk-deletion-webkit/test-failed-1.png]]

[[ATTACHMENT|e2e-admin-bulk-delete-Admi-38863-fully-perform-bulk-deletion-webkit/video.webm]]

[[ATTACHMENT|e2e-admin-bulk-delete-Admi-38863-fully-perform-bulk-deletion-webkit/error-context.md]]
]]>
</system-out>
</testcase>
<testcase name="Admin Bulk Delete Analysts › should handle API errors gracefully" classname="e2e/admin-bulk-delete.spec.ts" time="9.139">
<failure message="admin-bulk-delete.spec.ts:273:7 should handle API errors gracefully" type="FAILURE">
<![CDATA[  [webkit] › e2e/admin-bulk-delete.spec.ts:273:7 › Admin Bulk Delete Analysts › should handle API errors gracefully 

    Error: Timed out 5000ms waiting for expect(locator).toBeVisible()

    Locator: getByText('John Doe')
    Expected: visible
    Received: <element(s) not found>
    Call log:
      - Expect "toBeVisible" with timeout 5000ms
      - waiting for getByText('John Doe')


      284 |     })
      285 |
    > 286 |     await expect(page.getByText('John Doe')).toBeVisible()
          |                                              ^
      287 |
      288 |     // Select analyst and attempt deletion
      289 |     const firstRowCheckbox = page.locator('tbody tr:first-child input[type="checkbox"]')
        at /Users/arnaudgrunwald/AGcodework/analyst-portal/tests/e2e/admin-bulk-delete.spec.ts:286:46

    attachment #1: screenshot (image/png) ──────────────────────────────────────────────────────────
    ../test-results/e2e-admin-bulk-delete-Admi-b65b4-andle-API-errors-gracefully-webkit/test-failed-1.png
    ────────────────────────────────────────────────────────────────────────────────────────────────

    attachment #2: video (video/webm) ──────────────────────────────────────────────────────────────
    ../test-results/e2e-admin-bulk-delete-Admi-b65b4-andle-API-errors-gracefully-webkit/video.webm
    ────────────────────────────────────────────────────────────────────────────────────────────────

    Error Context: ../test-results/e2e-admin-bulk-delete-Admi-b65b4-andle-API-errors-gracefully-webkit/error-context.md
]]>
</failure>
<system-out>
<![CDATA[
[[ATTACHMENT|e2e-admin-bulk-delete-Admi-b65b4-andle-API-errors-gracefully-webkit/test-failed-1.png]]

[[ATTACHMENT|e2e-admin-bulk-delete-Admi-b65b4-andle-API-errors-gracefully-webkit/video.webm]]

[[ATTACHMENT|e2e-admin-bulk-delete-Admi-b65b4-andle-API-errors-gracefully-webkit/error-context.md]]
]]>
</system-out>
</testcase>
<testcase name="Admin Bulk Delete Analysts › should handle partial success responses" classname="e2e/admin-bulk-delete.spec.ts" time="8.226">
<failure message="admin-bulk-delete.spec.ts:302:7 should handle partial success responses" type="FAILURE">
<![CDATA[  [webkit] › e2e/admin-bulk-delete.spec.ts:302:7 › Admin Bulk Delete Analysts › should handle partial success responses 

    Error: Timed out 5000ms waiting for expect(locator).toBeVisible()

    Locator: getByText('John Doe')
    Expected: visible
    Received: <element(s) not found>
    Call log:
      - Expect "toBeVisible" with timeout 5000ms
      - waiting for getByText('John Doe')


      316 |     })
      317 |
    > 318 |     await expect(page.getByText('John Doe')).toBeVisible()
          |                                              ^
      319 |
      320 |     // Select multiple analysts
      321 |     const firstRowCheckbox = page.locator('tbody tr:first-child input[type="checkbox"]')
        at /Users/arnaudgrunwald/AGcodework/analyst-portal/tests/e2e/admin-bulk-delete.spec.ts:318:46

    attachment #1: screenshot (image/png) ──────────────────────────────────────────────────────────
    ../test-results/e2e-admin-bulk-delete-Admi-ecc37-e-partial-success-responses-webkit/test-failed-1.png
    ────────────────────────────────────────────────────────────────────────────────────────────────

    attachment #2: video (video/webm) ──────────────────────────────────────────────────────────────
    ../test-results/e2e-admin-bulk-delete-Admi-ecc37-e-partial-success-responses-webkit/video.webm
    ────────────────────────────────────────────────────────────────────────────────────────────────

    Error Context: ../test-results/e2e-admin-bulk-delete-Admi-ecc37-e-partial-success-responses-webkit/error-context.md
]]>
</failure>
<system-out>
<![CDATA[
[[ATTACHMENT|e2e-admin-bulk-delete-Admi-ecc37-e-partial-success-responses-webkit/test-failed-1.png]]

[[ATTACHMENT|e2e-admin-bulk-delete-Admi-ecc37-e-partial-success-responses-webkit/video.webm]]

[[ATTACHMENT|e2e-admin-bulk-delete-Admi-ecc37-e-partial-success-responses-webkit/error-context.md]]
]]>
</system-out>
</testcase>
<testcase name="Admin Bulk Delete Analysts › should update selection count dynamically" classname="e2e/admin-bulk-delete.spec.ts" time="7.904">
<failure message="admin-bulk-delete.spec.ts:336:7 should update selection count dynamically" type="FAILURE">
<![CDATA[  [webkit] › e2e/admin-bulk-delete.spec.ts:336:7 › Admin Bulk Delete Analysts › should update selection count dynamically 

    Error: Timed out 5000ms waiting for expect(locator).toBeVisible()

    Locator: getByText('John Doe')
    Expected: visible
    Received: <element(s) not found>
    Call log:
      - Expect "toBeVisible" with timeout 5000ms
      - waiting for getByText('John Doe')


      335 |
      336 |   test('should update selection count dynamically', async ({ page }) => {
    > 337 |     await expect(page.getByText('John Doe')).toBeVisible()
          |                                              ^
      338 |
      339 |     const checkboxes = page.locator('tbody input[type="checkbox"]')
      340 |
        at /Users/arnaudgrunwald/AGcodework/analyst-portal/tests/e2e/admin-bulk-delete.spec.ts:337:46

    attachment #1: screenshot (image/png) ──────────────────────────────────────────────────────────
    ../test-results/e2e-admin-bulk-delete-Admi-87852-selection-count-dynamically-webkit/test-failed-1.png
    ────────────────────────────────────────────────────────────────────────────────────────────────

    attachment #2: video (video/webm) ──────────────────────────────────────────────────────────────
    ../test-results/e2e-admin-bulk-delete-Admi-87852-selection-count-dynamically-webkit/video.webm
    ────────────────────────────────────────────────────────────────────────────────────────────────

    Error Context: ../test-results/e2e-admin-bulk-delete-Admi-87852-selection-count-dynamically-webkit/error-context.md
]]>
</failure>
<system-out>
<![CDATA[
[[ATTACHMENT|e2e-admin-bulk-delete-Admi-87852-selection-count-dynamically-webkit/test-failed-1.png]]

[[ATTACHMENT|e2e-admin-bulk-delete-Admi-87852-selection-count-dynamically-webkit/video.webm]]

[[ATTACHMENT|e2e-admin-bulk-delete-Admi-87852-selection-count-dynamically-webkit/error-context.md]]
]]>
</system-out>
</testcase>
<testcase name="Admin Bulk Delete Analysts › should maintain selection state during filtering" classname="e2e/admin-bulk-delete.spec.ts" time="8.087">
<failure message="admin-bulk-delete.spec.ts:362:7 should maintain selection state during filtering" type="FAILURE">
<![CDATA[  [webkit] › e2e/admin-bulk-delete.spec.ts:362:7 › Admin Bulk Delete Analysts › should maintain selection state during filtering 

    Error: Timed out 5000ms waiting for expect(locator).toBeVisible()

    Locator: getByText('John Doe')
    Expected: visible
    Received: <element(s) not found>
    Call log:
      - Expect "toBeVisible" with timeout 5000ms
      - waiting for getByText('John Doe')


      361 |
      362 |   test('should maintain selection state during filtering', async ({ page }) => {
    > 363 |     await expect(page.getByText('John Doe')).toBeVisible()
          |                                              ^
      364 |
      365 |     // Select an analyst
      366 |     const firstRowCheckbox = page.locator('tbody tr:first-child input[type="checkbox"]')
        at /Users/arnaudgrunwald/AGcodework/analyst-portal/tests/e2e/admin-bulk-delete.spec.ts:363:46

    attachment #1: screenshot (image/png) ──────────────────────────────────────────────────────────
    ../test-results/e2e-admin-bulk-delete-Admi-33c4f-tion-state-during-filtering-webkit/test-failed-1.png
    ────────────────────────────────────────────────────────────────────────────────────────────────

    attachment #2: video (video/webm) ──────────────────────────────────────────────────────────────
    ../test-results/e2e-admin-bulk-delete-Admi-33c4f-tion-state-during-filtering-webkit/video.webm
    ────────────────────────────────────────────────────────────────────────────────────────────────

    Error Context: ../test-results/e2e-admin-bulk-delete-Admi-33c4f-tion-state-during-filtering-webkit/error-context.md
]]>
</failure>
<system-out>
<![CDATA[
[[ATTACHMENT|e2e-admin-bulk-delete-Admi-33c4f-tion-state-during-filtering-webkit/test-failed-1.png]]

[[ATTACHMENT|e2e-admin-bulk-delete-Admi-33c4f-tion-state-during-filtering-webkit/video.webm]]

[[ATTACHMENT|e2e-admin-bulk-delete-Admi-33c4f-tion-state-during-filtering-webkit/error-context.md]]
]]>
</system-out>
</testcase>
</testsuite>
<testsuite name="e2e/admin-bulk-delete.spec.ts" timestamp="2025-10-01T00:45:11.483Z" hostname="Mobile Chrome" tests="12" failures="12" skipped="0" time="169.434" errors="0">
<testcase name="Admin Bulk Delete Analysts › should display analyst accounts with checkboxes" classname="e2e/admin-bulk-delete.spec.ts" time="12.199">
<failure message="admin-bulk-delete.spec.ts:114:7 should display analyst accounts with checkboxes" type="FAILURE">
<![CDATA[  [Mobile Chrome] › e2e/admin-bulk-delete.spec.ts:114:7 › Admin Bulk Delete Analysts › should display analyst accounts with checkboxes 

    Error: Timed out 5000ms waiting for expect(locator).toBeVisible()

    Locator: getByText('John Doe')
    Expected: visible
    Received: <element(s) not found>
    Call log:
      - Expect "toBeVisible" with timeout 5000ms
      - waiting for getByText('John Doe')


      114 |   test('should display analyst accounts with checkboxes', async ({ page }) => {
      115 |     // Wait for data to load
    > 116 |     await expect(page.getByText('John Doe')).toBeVisible()
          |                                              ^
      117 |     await expect(page.getByText('Jane Smith')).toBeVisible()
      118 |     await expect(page.getByText('Bob Johnson')).toBeVisible()
      119 |
        at /Users/arnaudgrunwald/AGcodework/analyst-portal/tests/e2e/admin-bulk-delete.spec.ts:116:46

    attachment #1: screenshot (image/png) ──────────────────────────────────────────────────────────
    ../test-results/e2e-admin-bulk-delete-Admi-0dd60-st-accounts-with-checkboxes-Mobile-Chrome/test-failed-1.png
    ────────────────────────────────────────────────────────────────────────────────────────────────

    attachment #2: video (video/webm) ──────────────────────────────────────────────────────────────
    ../test-results/e2e-admin-bulk-delete-Admi-0dd60-st-accounts-with-checkboxes-Mobile-Chrome/video.webm
    ────────────────────────────────────────────────────────────────────────────────────────────────

    Error Context: ../test-results/e2e-admin-bulk-delete-Admi-0dd60-st-accounts-with-checkboxes-Mobile-Chrome/error-context.md
]]>
</failure>
<system-out>
<![CDATA[
[[ATTACHMENT|e2e-admin-bulk-delete-Admi-0dd60-st-accounts-with-checkboxes-Mobile-Chrome/test-failed-1.png]]

[[ATTACHMENT|e2e-admin-bulk-delete-Admi-0dd60-st-accounts-with-checkboxes-Mobile-Chrome/video.webm]]

[[ATTACHMENT|e2e-admin-bulk-delete-Admi-0dd60-st-accounts-with-checkboxes-Mobile-Chrome/error-context.md]]
]]>
</system-out>
</testcase>
<testcase name="Admin Bulk Delete Analysts › should allow selecting individual analysts" classname="e2e/admin-bulk-delete.spec.ts" time="11.712">
<failure message="admin-bulk-delete.spec.ts:125:7 should allow selecting individual analysts" type="FAILURE">
<![CDATA[  [Mobile Chrome] › e2e/admin-bulk-delete.spec.ts:125:7 › Admin Bulk Delete Analysts › should allow selecting individual analysts 

    Error: Timed out 5000ms waiting for expect(locator).toBeVisible()

    Locator: getByText('John Doe')
    Expected: visible
    Received: <element(s) not found>
    Call log:
      - Expect "toBeVisible" with timeout 5000ms
      - waiting for getByText('John Doe')


      124 |
      125 |   test('should allow selecting individual analysts', async ({ page }) => {
    > 126 |     await expect(page.getByText('John Doe')).toBeVisible()
          |                                              ^
      127 |
      128 |     // Select first analyst
      129 |     const firstRowCheckbox = page.locator('tbody tr:first-child input[type="checkbox"]')
        at /Users/arnaudgrunwald/AGcodework/analyst-portal/tests/e2e/admin-bulk-delete.spec.ts:126:46

    attachment #1: screenshot (image/png) ──────────────────────────────────────────────────────────
    ../test-results/e2e-admin-bulk-delete-Admi-f84f8-lecting-individual-analysts-Mobile-Chrome/test-failed-1.png
    ────────────────────────────────────────────────────────────────────────────────────────────────

    attachment #2: video (video/webm) ──────────────────────────────────────────────────────────────
    ../test-results/e2e-admin-bulk-delete-Admi-f84f8-lecting-individual-analysts-Mobile-Chrome/video.webm
    ────────────────────────────────────────────────────────────────────────────────────────────────

    Error Context: ../test-results/e2e-admin-bulk-delete-Admi-f84f8-lecting-individual-analysts-Mobile-Chrome/error-context.md
]]>
</failure>
<system-out>
<![CDATA[
[[ATTACHMENT|e2e-admin-bulk-delete-Admi-f84f8-lecting-individual-analysts-Mobile-Chrome/test-failed-1.png]]

[[ATTACHMENT|e2e-admin-bulk-delete-Admi-f84f8-lecting-individual-analysts-Mobile-Chrome/video.webm]]

[[ATTACHMENT|e2e-admin-bulk-delete-Admi-f84f8-lecting-individual-analysts-Mobile-Chrome/error-context.md]]
]]>
</system-out>
</testcase>
<testcase name="Admin Bulk Delete Analysts › should allow selecting all analysts with header checkbox" classname="e2e/admin-bulk-delete.spec.ts" time="11.812">
<failure message="admin-bulk-delete.spec.ts:139:7 should allow selecting all analysts with header checkbox" type="FAILURE">
<![CDATA[  [Mobile Chrome] › e2e/admin-bulk-delete.spec.ts:139:7 › Admin Bulk Delete Analysts › should allow selecting all analysts with header checkbox 

    Error: Timed out 5000ms waiting for expect(locator).toBeVisible()

    Locator: getByText('John Doe')
    Expected: visible
    Received: <element(s) not found>
    Call log:
      - Expect "toBeVisible" with timeout 5000ms
      - waiting for getByText('John Doe')


      138 |
      139 |   test('should allow selecting all analysts with header checkbox', async ({ page }) => {
    > 140 |     await expect(page.getByText('John Doe')).toBeVisible()
          |                                              ^
      141 |
      142 |     // Click header checkbox
      143 |     const headerCheckbox = page.locator('thead input[type="checkbox"]')
        at /Users/arnaudgrunwald/AGcodework/analyst-portal/tests/e2e/admin-bulk-delete.spec.ts:140:46

    attachment #1: screenshot (image/png) ──────────────────────────────────────────────────────────
    ../test-results/e2e-admin-bulk-delete-Admi-5fef1-alysts-with-header-checkbox-Mobile-Chrome/test-failed-1.png
    ────────────────────────────────────────────────────────────────────────────────────────────────

    attachment #2: video (video/webm) ──────────────────────────────────────────────────────────────
    ../test-results/e2e-admin-bulk-delete-Admi-5fef1-alysts-with-header-checkbox-Mobile-Chrome/video.webm
    ────────────────────────────────────────────────────────────────────────────────────────────────

    Error Context: ../test-results/e2e-admin-bulk-delete-Admi-5fef1-alysts-with-header-checkbox-Mobile-Chrome/error-context.md
]]>
</failure>
<system-out>
<![CDATA[
[[ATTACHMENT|e2e-admin-bulk-delete-Admi-5fef1-alysts-with-header-checkbox-Mobile-Chrome/test-failed-1.png]]

[[ATTACHMENT|e2e-admin-bulk-delete-Admi-5fef1-alysts-with-header-checkbox-Mobile-Chrome/video.webm]]

[[ATTACHMENT|e2e-admin-bulk-delete-Admi-5fef1-alysts-with-header-checkbox-Mobile-Chrome/error-context.md]]
]]>
</system-out>
</testcase>
<testcase name="Admin Bulk Delete Analysts › should deselect all when header checkbox is unchecked" classname="e2e/admin-bulk-delete.spec.ts" time="11.713">
<failure message="admin-bulk-delete.spec.ts:158:7 should deselect all when header checkbox is unchecked" type="FAILURE">
<![CDATA[  [Mobile Chrome] › e2e/admin-bulk-delete.spec.ts:158:7 › Admin Bulk Delete Analysts › should deselect all when header checkbox is unchecked 

    Error: Timed out 5000ms waiting for expect(locator).toBeVisible()

    Locator: getByText('John Doe')
    Expected: visible
    Received: <element(s) not found>
    Call log:
      - Expect "toBeVisible" with timeout 5000ms
      - waiting for getByText('John Doe')


      157 |
      158 |   test('should deselect all when header checkbox is unchecked', async ({ page }) => {
    > 159 |     await expect(page.getByText('John Doe')).toBeVisible()
          |                                              ^
      160 |
      161 |     const headerCheckbox = page.locator('thead input[type="checkbox"]')
      162 |     
        at /Users/arnaudgrunwald/AGcodework/analyst-portal/tests/e2e/admin-bulk-delete.spec.ts:159:46

    attachment #1: screenshot (image/png) ──────────────────────────────────────────────────────────
    ../test-results/e2e-admin-bulk-delete-Admi-ca45c-eader-checkbox-is-unchecked-Mobile-Chrome/test-failed-1.png
    ────────────────────────────────────────────────────────────────────────────────────────────────

    attachment #2: video (video/webm) ──────────────────────────────────────────────────────────────
    ../test-results/e2e-admin-bulk-delete-Admi-ca45c-eader-checkbox-is-unchecked-Mobile-Chrome/video.webm
    ────────────────────────────────────────────────────────────────────────────────────────────────

    Error Context: ../test-results/e2e-admin-bulk-delete-Admi-ca45c-eader-checkbox-is-unchecked-Mobile-Chrome/error-context.md
]]>
</failure>
<system-out>
<![CDATA[
[[ATTACHMENT|e2e-admin-bulk-delete-Admi-ca45c-eader-checkbox-is-unchecked-Mobile-Chrome/test-failed-1.png]]

[[ATTACHMENT|e2e-admin-bulk-delete-Admi-ca45c-eader-checkbox-is-unchecked-Mobile-Chrome/video.webm]]

[[ATTACHMENT|e2e-admin-bulk-delete-Admi-ca45c-eader-checkbox-is-unchecked-Mobile-Chrome/error-context.md]]
]]>
</system-out>
</testcase>
<testcase name="Admin Bulk Delete Analysts › should show clear selection button and functionality" classname="e2e/admin-bulk-delete.spec.ts" time="14.367">
<failure message="admin-bulk-delete.spec.ts:173:7 should show clear selection button and functionality" type="FAILURE">
<![CDATA[  [Mobile Chrome] › e2e/admin-bulk-delete.spec.ts:173:7 › Admin Bulk Delete Analysts › should show clear selection button and functionality 

    Error: Timed out 5000ms waiting for expect(locator).toBeVisible()

    Locator: getByText('John Doe')
    Expected: visible
    Received: <element(s) not found>
    Call log:
      - Expect "toBeVisible" with timeout 5000ms
      - waiting for getByText('John Doe')


      172 |
      173 |   test('should show clear selection button and functionality', async ({ page }) => {
    > 174 |     await expect(page.getByText('John Doe')).toBeVisible()
          |                                              ^
      175 |
      176 |     // Select some analysts
      177 |     const firstRowCheckbox = page.locator('tbody tr:first-child input[type="checkbox"]')
        at /Users/arnaudgrunwald/AGcodework/analyst-portal/tests/e2e/admin-bulk-delete.spec.ts:174:46

    attachment #1: screenshot (image/png) ──────────────────────────────────────────────────────────
    ../test-results/e2e-admin-bulk-delete-Admi-cd6d1-on-button-and-functionality-Mobile-Chrome/test-failed-1.png
    ────────────────────────────────────────────────────────────────────────────────────────────────

    attachment #2: video (video/webm) ──────────────────────────────────────────────────────────────
    ../test-results/e2e-admin-bulk-delete-Admi-cd6d1-on-button-and-functionality-Mobile-Chrome/video.webm
    ────────────────────────────────────────────────────────────────────────────────────────────────

    Error Context: ../test-results/e2e-admin-bulk-delete-Admi-cd6d1-on-button-and-functionality-Mobile-Chrome/error-context.md
]]>
</failure>
<system-out>
<![CDATA[
[[ATTACHMENT|e2e-admin-bulk-delete-Admi-cd6d1-on-button-and-functionality-Mobile-Chrome/test-failed-1.png]]

[[ATTACHMENT|e2e-admin-bulk-delete-Admi-cd6d1-on-button-and-functionality-Mobile-Chrome/video.webm]]

[[ATTACHMENT|e2e-admin-bulk-delete-Admi-cd6d1-on-button-and-functionality-Mobile-Chrome/error-context.md]]
]]>
</system-out>
</testcase>
<testcase name="Admin Bulk Delete Analysts › should open confirmation modal when remove access is clicked" classname="e2e/admin-bulk-delete.spec.ts" time="14.266">
<failure message="admin-bulk-delete.spec.ts:195:7 should open confirmation modal when remove access is clicked" type="FAILURE">
<![CDATA[  [Mobile Chrome] › e2e/admin-bulk-delete.spec.ts:195:7 › Admin Bulk Delete Analysts › should open confirmation modal when remove access is clicked 

    Error: Timed out 5000ms waiting for expect(locator).toBeVisible()

    Locator: getByText('John Doe')
    Expected: visible
    Received: <element(s) not found>
    Call log:
      - Expect "toBeVisible" with timeout 5000ms
      - waiting for getByText('John Doe')


      194 |
      195 |   test('should open confirmation modal when remove access is clicked', async ({ page }) => {
    > 196 |     await expect(page.getByText('John Doe')).toBeVisible()
          |                                              ^
      197 |
      198 |     // Select analysts
      199 |     const firstRowCheckbox = page.locator('tbody tr:first-child input[type="checkbox"]')
        at /Users/arnaudgrunwald/AGcodework/analyst-portal/tests/e2e/admin-bulk-delete.spec.ts:196:46

    attachment #1: screenshot (image/png) ──────────────────────────────────────────────────────────
    ../test-results/e2e-admin-bulk-delete-Admi-5c4a8-en-remove-access-is-clicked-Mobile-Chrome/test-failed-1.png
    ────────────────────────────────────────────────────────────────────────────────────────────────

    attachment #2: video (video/webm) ──────────────────────────────────────────────────────────────
    ../test-results/e2e-admin-bulk-delete-Admi-5c4a8-en-remove-access-is-clicked-Mobile-Chrome/video.webm
    ────────────────────────────────────────────────────────────────────────────────────────────────

    Error Context: ../test-results/e2e-admin-bulk-delete-Admi-5c4a8-en-remove-access-is-clicked-Mobile-Chrome/error-context.md
]]>
</failure>
<system-out>
<![CDATA[
[[ATTACHMENT|e2e-admin-bulk-delete-Admi-5c4a8-en-remove-access-is-clicked-Mobile-Chrome/test-failed-1.png]]

[[ATTACHMENT|e2e-admin-bulk-delete-Admi-5c4a8-en-remove-access-is-clicked-Mobile-Chrome/video.webm]]

[[ATTACHMENT|e2e-admin-bulk-delete-Admi-5c4a8-en-remove-access-is-clicked-Mobile-Chrome/error-context.md]]
]]>
</system-out>
</testcase>
<testcase name="Admin Bulk Delete Analysts › should allow canceling the deletion" classname="e2e/admin-bulk-delete.spec.ts" time="14.043">
<failure message="admin-bulk-delete.spec.ts:214:7 should allow canceling the deletion" type="FAILURE">
<![CDATA[  [Mobile Chrome] › e2e/admin-bulk-delete.spec.ts:214:7 › Admin Bulk Delete Analysts › should allow canceling the deletion 

    Error: Timed out 5000ms waiting for expect(locator).toBeVisible()

    Locator: getByText('John Doe')
    Expected: visible
    Received: <element(s) not found>
    Call log:
      - Expect "toBeVisible" with timeout 5000ms
      - waiting for getByText('John Doe')


      213 |
      214 |   test('should allow canceling the deletion', async ({ page }) => {
    > 215 |     await expect(page.getByText('John Doe')).toBeVisible()
          |                                              ^
      216 |
      217 |     // Select analyst and open modal
      218 |     const firstRowCheckbox = page.locator('tbody tr:first-child input[type="checkbox"]')
        at /Users/arnaudgrunwald/AGcodework/analyst-portal/tests/e2e/admin-bulk-delete.spec.ts:215:46

    attachment #1: screenshot (image/png) ──────────────────────────────────────────────────────────
    ../test-results/e2e-admin-bulk-delete-Admi-8c7e3-llow-canceling-the-deletion-Mobile-Chrome/test-failed-1.png
    ────────────────────────────────────────────────────────────────────────────────────────────────

    attachment #2: video (video/webm) ──────────────────────────────────────────────────────────────
    ../test-results/e2e-admin-bulk-delete-Admi-8c7e3-llow-canceling-the-deletion-Mobile-Chrome/video.webm
    ────────────────────────────────────────────────────────────────────────────────────────────────

    Error Context: ../test-results/e2e-admin-bulk-delete-Admi-8c7e3-llow-canceling-the-deletion-Mobile-Chrome/error-context.md
]]>
</failure>
<system-out>
<![CDATA[
[[ATTACHMENT|e2e-admin-bulk-delete-Admi-8c7e3-llow-canceling-the-deletion-Mobile-Chrome/test-failed-1.png]]

[[ATTACHMENT|e2e-admin-bulk-delete-Admi-8c7e3-llow-canceling-the-deletion-Mobile-Chrome/video.webm]]

[[ATTACHMENT|e2e-admin-bulk-delete-Admi-8c7e3-llow-canceling-the-deletion-Mobile-Chrome/error-context.md]]
]]>
</system-out>
</testcase>
<testcase name="Admin Bulk Delete Analysts › should successfully perform bulk deletion" classname="e2e/admin-bulk-delete.spec.ts" time="14.315">
<failure message="admin-bulk-delete.spec.ts:233:7 should successfully perform bulk deletion" type="FAILURE">
<![CDATA[  [Mobile Chrome] › e2e/admin-bulk-delete.spec.ts:233:7 › Admin Bulk Delete Analysts › should successfully perform bulk deletion 

    Error: Timed out 5000ms waiting for expect(locator).toBeVisible()

    Locator: getByText('John Doe')
    Expected: visible
    Received: <element(s) not found>
    Call log:
      - Expect "toBeVisible" with timeout 5000ms
      - waiting for getByText('John Doe')


      248 |     })
      249 |
    > 250 |     await expect(page.getByText('John Doe')).toBeVisible()
          |                                              ^
      251 |
      252 |     // Select analysts
      253 |     const firstRowCheckbox = page.locator('tbody tr:first-child input[type="checkbox"]')
        at /Users/arnaudgrunwald/AGcodework/analyst-portal/tests/e2e/admin-bulk-delete.spec.ts:250:46

    attachment #1: screenshot (image/png) ──────────────────────────────────────────────────────────
    ../test-results/e2e-admin-bulk-delete-Admi-38863-fully-perform-bulk-deletion-Mobile-Chrome/test-failed-1.png
    ────────────────────────────────────────────────────────────────────────────────────────────────

    attachment #2: video (video/webm) ──────────────────────────────────────────────────────────────
    ../test-results/e2e-admin-bulk-delete-Admi-38863-fully-perform-bulk-deletion-Mobile-Chrome/video.webm
    ────────────────────────────────────────────────────────────────────────────────────────────────

    Error Context: ../test-results/e2e-admin-bulk-delete-Admi-38863-fully-perform-bulk-deletion-Mobile-Chrome/error-context.md
]]>
</failure>
<system-out>
<![CDATA[
[[ATTACHMENT|e2e-admin-bulk-delete-Admi-38863-fully-perform-bulk-deletion-Mobile-Chrome/test-failed-1.png]]

[[ATTACHMENT|e2e-admin-bulk-delete-Admi-38863-fully-perform-bulk-deletion-Mobile-Chrome/video.webm]]

[[ATTACHMENT|e2e-admin-bulk-delete-Admi-38863-fully-perform-bulk-deletion-Mobile-Chrome/error-context.md]]
]]>
</system-out>
</testcase>
<testcase name="Admin Bulk Delete Analysts › should handle API errors gracefully" classname="e2e/admin-bulk-delete.spec.ts" time="16.922">
<failure message="admin-bulk-delete.spec.ts:273:7 should handle API errors gracefully" type="FAILURE">
<![CDATA[  [Mobile Chrome] › e2e/admin-bulk-delete.spec.ts:273:7 › Admin Bulk Delete Analysts › should handle API errors gracefully 

    Error: Timed out 5000ms waiting for expect(locator).toBeVisible()

    Locator: getByText('John Doe')
    Expected: visible
    Received: <element(s) not found>
    Call log:
      - Expect "toBeVisible" with timeout 5000ms
      - waiting for getByText('John Doe')


      284 |     })
      285 |
    > 286 |     await expect(page.getByText('John Doe')).toBeVisible()
          |                                              ^
      287 |
      288 |     // Select analyst and attempt deletion
      289 |     const firstRowCheckbox = page.locator('tbody tr:first-child input[type="checkbox"]')
        at /Users/arnaudgrunwald/AGcodework/analyst-portal/tests/e2e/admin-bulk-delete.spec.ts:286:46

    attachment #1: screenshot (image/png) ──────────────────────────────────────────────────────────
    ../test-results/e2e-admin-bulk-delete-Admi-b65b4-andle-API-errors-gracefully-Mobile-Chrome/test-failed-1.png
    ────────────────────────────────────────────────────────────────────────────────────────────────

    attachment #2: video (video/webm) ──────────────────────────────────────────────────────────────
    ../test-results/e2e-admin-bulk-delete-Admi-b65b4-andle-API-errors-gracefully-Mobile-Chrome/video.webm
    ────────────────────────────────────────────────────────────────────────────────────────────────

    Error Context: ../test-results/e2e-admin-bulk-delete-Admi-b65b4-andle-API-errors-gracefully-Mobile-Chrome/error-context.md
]]>
</failure>
<system-out>
<![CDATA[
[[ATTACHMENT|e2e-admin-bulk-delete-Admi-b65b4-andle-API-errors-gracefully-Mobile-Chrome/test-failed-1.png]]

[[ATTACHMENT|e2e-admin-bulk-delete-Admi-b65b4-andle-API-errors-gracefully-Mobile-Chrome/video.webm]]

[[ATTACHMENT|e2e-admin-bulk-delete-Admi-b65b4-andle-API-errors-gracefully-Mobile-Chrome/error-context.md]]
]]>
</system-out>
</testcase>
<testcase name="Admin Bulk Delete Analysts › should handle partial success responses" classname="e2e/admin-bulk-delete.spec.ts" time="17.31">
<failure message="admin-bulk-delete.spec.ts:302:7 should handle partial success responses" type="FAILURE">
<![CDATA[  [Mobile Chrome] › e2e/admin-bulk-delete.spec.ts:302:7 › Admin Bulk Delete Analysts › should handle partial success responses 

    Error: Timed out 5000ms waiting for expect(locator).toBeVisible()

    Locator: getByText('John Doe')
    Expected: visible
    Received: <element(s) not found>
    Call log:
      - Expect "toBeVisible" with timeout 5000ms
      - waiting for getByText('John Doe')


      316 |     })
      317 |
    > 318 |     await expect(page.getByText('John Doe')).toBeVisible()
          |                                              ^
      319 |
      320 |     // Select multiple analysts
      321 |     const firstRowCheckbox = page.locator('tbody tr:first-child input[type="checkbox"]')
        at /Users/arnaudgrunwald/AGcodework/analyst-portal/tests/e2e/admin-bulk-delete.spec.ts:318:46

    attachment #1: screenshot (image/png) ──────────────────────────────────────────────────────────
    ../test-results/e2e-admin-bulk-delete-Admi-ecc37-e-partial-success-responses-Mobile-Chrome/test-failed-1.png
    ────────────────────────────────────────────────────────────────────────────────────────────────

    attachment #2: video (video/webm) ──────────────────────────────────────────────────────────────
    ../test-results/e2e-admin-bulk-delete-Admi-ecc37-e-partial-success-responses-Mobile-Chrome/video.webm
    ────────────────────────────────────────────────────────────────────────────────────────────────

    Error Context: ../test-results/e2e-admin-bulk-delete-Admi-ecc37-e-partial-success-responses-Mobile-Chrome/error-context.md
]]>
</failure>
<system-out>
<![CDATA[
[[ATTACHMENT|e2e-admin-bulk-delete-Admi-ecc37-e-partial-success-responses-Mobile-Chrome/test-failed-1.png]]

[[ATTACHMENT|e2e-admin-bulk-delete-Admi-ecc37-e-partial-success-responses-Mobile-Chrome/video.webm]]

[[ATTACHMENT|e2e-admin-bulk-delete-Admi-ecc37-e-partial-success-responses-Mobile-Chrome/error-context.md]]
]]>
</system-out>
</testcase>
<testcase name="Admin Bulk Delete Analysts › should update selection count dynamically" classname="e2e/admin-bulk-delete.spec.ts" time="15.469">
<failure message="admin-bulk-delete.spec.ts:336:7 should update selection count dynamically" type="FAILURE">
<![CDATA[  [Mobile Chrome] › e2e/admin-bulk-delete.spec.ts:336:7 › Admin Bulk Delete Analysts › should update selection count dynamically 

    Error: Timed out 5000ms waiting for expect(locator).toBeVisible()

    Locator: getByText('John Doe')
    Expected: visible
    Received: <element(s) not found>
    Call log:
      - Expect "toBeVisible" with timeout 5000ms
      - waiting for getByText('John Doe')


      335 |
      336 |   test('should update selection count dynamically', async ({ page }) => {
    > 337 |     await expect(page.getByText('John Doe')).toBeVisible()
          |                                              ^
      338 |
      339 |     const checkboxes = page.locator('tbody input[type="checkbox"]')
      340 |
        at /Users/arnaudgrunwald/AGcodework/analyst-portal/tests/e2e/admin-bulk-delete.spec.ts:337:46

    attachment #1: screenshot (image/png) ──────────────────────────────────────────────────────────
    ../test-results/e2e-admin-bulk-delete-Admi-87852-selection-count-dynamically-Mobile-Chrome/test-failed-1.png
    ────────────────────────────────────────────────────────────────────────────────────────────────

    attachment #2: video (video/webm) ──────────────────────────────────────────────────────────────
    ../test-results/e2e-admin-bulk-delete-Admi-87852-selection-count-dynamically-Mobile-Chrome/video.webm
    ────────────────────────────────────────────────────────────────────────────────────────────────

    Error Context: ../test-results/e2e-admin-bulk-delete-Admi-87852-selection-count-dynamically-Mobile-Chrome/error-context.md
]]>
</failure>
<system-out>
<![CDATA[
[[ATTACHMENT|e2e-admin-bulk-delete-Admi-87852-selection-count-dynamically-Mobile-Chrome/test-failed-1.png]]

[[ATTACHMENT|e2e-admin-bulk-delete-Admi-87852-selection-count-dynamically-Mobile-Chrome/video.webm]]

[[ATTACHMENT|e2e-admin-bulk-delete-Admi-87852-selection-count-dynamically-Mobile-Chrome/error-context.md]]
]]>
</system-out>
</testcase>
<testcase name="Admin Bulk Delete Analysts › should maintain selection state during filtering" classname="e2e/admin-bulk-delete.spec.ts" time="15.306">
<failure message="admin-bulk-delete.spec.ts:362:7 should maintain selection state during filtering" type="FAILURE">
<![CDATA[  [Mobile Chrome] › e2e/admin-bulk-delete.spec.ts:362:7 › Admin Bulk Delete Analysts › should maintain selection state during filtering 

    Error: Timed out 5000ms waiting for expect(locator).toBeVisible()

    Locator: getByText('John Doe')
    Expected: visible
    Received: <element(s) not found>
    Call log:
      - Expect "toBeVisible" with timeout 5000ms
      - waiting for getByText('John Doe')


      361 |
      362 |   test('should maintain selection state during filtering', async ({ page }) => {
    > 363 |     await expect(page.getByText('John Doe')).toBeVisible()
          |                                              ^
      364 |
      365 |     // Select an analyst
      366 |     const firstRowCheckbox = page.locator('tbody tr:first-child input[type="checkbox"]')
        at /Users/arnaudgrunwald/AGcodework/analyst-portal/tests/e2e/admin-bulk-delete.spec.ts:363:46

    attachment #1: screenshot (image/png) ──────────────────────────────────────────────────────────
    ../test-results/e2e-admin-bulk-delete-Admi-33c4f-tion-state-during-filtering-Mobile-Chrome/test-failed-1.png
    ────────────────────────────────────────────────────────────────────────────────────────────────

    attachment #2: video (video/webm) ──────────────────────────────────────────────────────────────
    ../test-results/e2e-admin-bulk-delete-Admi-33c4f-tion-state-during-filtering-Mobile-Chrome/video.webm
    ────────────────────────────────────────────────────────────────────────────────────────────────

    Error Context: ../test-results/e2e-admin-bulk-delete-Admi-33c4f-tion-state-during-filtering-Mobile-Chrome/error-context.md
]]>
</failure>
<system-out>
<![CDATA[
[[ATTACHMENT|e2e-admin-bulk-delete-Admi-33c4f-tion-state-during-filtering-Mobile-Chrome/test-failed-1.png]]

[[ATTACHMENT|e2e-admin-bulk-delete-Admi-33c4f-tion-state-during-filtering-Mobile-Chrome/video.webm]]

[[ATTACHMENT|e2e-admin-bulk-delete-Admi-33c4f-tion-state-during-filtering-Mobile-Chrome/error-context.md]]
]]>
</system-out>
</testcase>
</testsuite>
<testsuite name="e2e/admin-bulk-delete.spec.ts" timestamp="2025-10-01T00:45:11.483Z" hostname="Mobile Safari" tests="12" failures="12" skipped="0" time="110.715" errors="0">
<testcase name="Admin Bulk Delete Analysts › should display analyst accounts with checkboxes" classname="e2e/admin-bulk-delete.spec.ts" time="11.146">
<failure message="admin-bulk-delete.spec.ts:114:7 should display analyst accounts with checkboxes" type="FAILURE">
<![CDATA[  [Mobile Safari] › e2e/admin-bulk-delete.spec.ts:114:7 › Admin Bulk Delete Analysts › should display analyst accounts with checkboxes 

    Error: Timed out 5000ms waiting for expect(locator).toBeVisible()

    Locator: getByText('John Doe')
    Expected: visible
    Received: <element(s) not found>
    Call log:
      - Expect "toBeVisible" with timeout 5000ms
      - waiting for getByText('John Doe')


      114 |   test('should display analyst accounts with checkboxes', async ({ page }) => {
      115 |     // Wait for data to load
    > 116 |     await expect(page.getByText('John Doe')).toBeVisible()
          |                                              ^
      117 |     await expect(page.getByText('Jane Smith')).toBeVisible()
      118 |     await expect(page.getByText('Bob Johnson')).toBeVisible()
      119 |
        at /Users/arnaudgrunwald/AGcodework/analyst-portal/tests/e2e/admin-bulk-delete.spec.ts:116:46

    attachment #1: screenshot (image/png) ──────────────────────────────────────────────────────────
    ../test-results/e2e-admin-bulk-delete-Admi-0dd60-st-accounts-with-checkboxes-Mobile-Safari/test-failed-1.png
    ────────────────────────────────────────────────────────────────────────────────────────────────

    attachment #2: video (video/webm) ──────────────────────────────────────────────────────────────
    ../test-results/e2e-admin-bulk-delete-Admi-0dd60-st-accounts-with-checkboxes-Mobile-Safari/video.webm
    ────────────────────────────────────────────────────────────────────────────────────────────────

    Error Context: ../test-results/e2e-admin-bulk-delete-Admi-0dd60-st-accounts-with-checkboxes-Mobile-Safari/error-context.md
]]>
</failure>
<system-out>
<![CDATA[
[[ATTACHMENT|e2e-admin-bulk-delete-Admi-0dd60-st-accounts-with-checkboxes-Mobile-Safari/test-failed-1.png]]

[[ATTACHMENT|e2e-admin-bulk-delete-Admi-0dd60-st-accounts-with-checkboxes-Mobile-Safari/video.webm]]

[[ATTACHMENT|e2e-admin-bulk-delete-Admi-0dd60-st-accounts-with-checkboxes-Mobile-Safari/error-context.md]]
]]>
</system-out>
</testcase>
<testcase name="Admin Bulk Delete Analysts › should allow selecting individual analysts" classname="e2e/admin-bulk-delete.spec.ts" time="11.307">
<failure message="admin-bulk-delete.spec.ts:125:7 should allow selecting individual analysts" type="FAILURE">
<![CDATA[  [Mobile Safari] › e2e/admin-bulk-delete.spec.ts:125:7 › Admin Bulk Delete Analysts › should allow selecting individual analysts 

    Error: Timed out 5000ms waiting for expect(locator).toBeVisible()

    Locator: getByText('John Doe')
    Expected: visible
    Received: <element(s) not found>
    Call log:
      - Expect "toBeVisible" with timeout 5000ms
      - waiting for getByText('John Doe')


      124 |
      125 |   test('should allow selecting individual analysts', async ({ page }) => {
    > 126 |     await expect(page.getByText('John Doe')).toBeVisible()
          |                                              ^
      127 |
      128 |     // Select first analyst
      129 |     const firstRowCheckbox = page.locator('tbody tr:first-child input[type="checkbox"]')
        at /Users/arnaudgrunwald/AGcodework/analyst-portal/tests/e2e/admin-bulk-delete.spec.ts:126:46

    attachment #1: screenshot (image/png) ──────────────────────────────────────────────────────────
    ../test-results/e2e-admin-bulk-delete-Admi-f84f8-lecting-individual-analysts-Mobile-Safari/test-failed-1.png
    ────────────────────────────────────────────────────────────────────────────────────────────────

    attachment #2: video (video/webm) ──────────────────────────────────────────────────────────────
    ../test-results/e2e-admin-bulk-delete-Admi-f84f8-lecting-individual-analysts-Mobile-Safari/video.webm
    ────────────────────────────────────────────────────────────────────────────────────────────────

    Error Context: ../test-results/e2e-admin-bulk-delete-Admi-f84f8-lecting-individual-analysts-Mobile-Safari/error-context.md
]]>
</failure>
<system-out>
<![CDATA[
[[ATTACHMENT|e2e-admin-bulk-delete-Admi-f84f8-lecting-individual-analysts-Mobile-Safari/test-failed-1.png]]

[[ATTACHMENT|e2e-admin-bulk-delete-Admi-f84f8-lecting-individual-analysts-Mobile-Safari/video.webm]]

[[ATTACHMENT|e2e-admin-bulk-delete-Admi-f84f8-lecting-individual-analysts-Mobile-Safari/error-context.md]]
]]>
</system-out>
</testcase>
<testcase name="Admin Bulk Delete Analysts › should allow selecting all analysts with header checkbox" classname="e2e/admin-bulk-delete.spec.ts" time="11.286">
<failure message="admin-bulk-delete.spec.ts:139:7 should allow selecting all analysts with header checkbox" type="FAILURE">
<![CDATA[  [Mobile Safari] › e2e/admin-bulk-delete.spec.ts:139:7 › Admin Bulk Delete Analysts › should allow selecting all analysts with header checkbox 

    Error: Timed out 5000ms waiting for expect(locator).toBeVisible()

    Locator: getByText('John Doe')
    Expected: visible
    Received: <element(s) not found>
    Call log:
      - Expect "toBeVisible" with timeout 5000ms
      - waiting for getByText('John Doe')


      138 |
      139 |   test('should allow selecting all analysts with header checkbox', async ({ page }) => {
    > 140 |     await expect(page.getByText('John Doe')).toBeVisible()
          |                                              ^
      141 |
      142 |     // Click header checkbox
      143 |     const headerCheckbox = page.locator('thead input[type="checkbox"]')
        at /Users/arnaudgrunwald/AGcodework/analyst-portal/tests/e2e/admin-bulk-delete.spec.ts:140:46

    attachment #1: screenshot (image/png) ──────────────────────────────────────────────────────────
    ../test-results/e2e-admin-bulk-delete-Admi-5fef1-alysts-with-header-checkbox-Mobile-Safari/test-failed-1.png
    ────────────────────────────────────────────────────────────────────────────────────────────────

    attachment #2: video (video/webm) ──────────────────────────────────────────────────────────────
    ../test-results/e2e-admin-bulk-delete-Admi-5fef1-alysts-with-header-checkbox-Mobile-Safari/video.webm
    ────────────────────────────────────────────────────────────────────────────────────────────────

    Error Context: ../test-results/e2e-admin-bulk-delete-Admi-5fef1-alysts-with-header-checkbox-Mobile-Safari/error-context.md
]]>
</failure>
<system-out>
<![CDATA[
[[ATTACHMENT|e2e-admin-bulk-delete-Admi-5fef1-alysts-with-header-checkbox-Mobile-Safari/test-failed-1.png]]

[[ATTACHMENT|e2e-admin-bulk-delete-Admi-5fef1-alysts-with-header-checkbox-Mobile-Safari/video.webm]]

[[ATTACHMENT|e2e-admin-bulk-delete-Admi-5fef1-alysts-with-header-checkbox-Mobile-Safari/error-context.md]]
]]>
</system-out>
</testcase>
<testcase name="Admin Bulk Delete Analysts › should deselect all when header checkbox is unchecked" classname="e2e/admin-bulk-delete.spec.ts" time="10.46">
<failure message="admin-bulk-delete.spec.ts:158:7 should deselect all when header checkbox is unchecked" type="FAILURE">
<![CDATA[  [Mobile Safari] › e2e/admin-bulk-delete.spec.ts:158:7 › Admin Bulk Delete Analysts › should deselect all when header checkbox is unchecked 

    Error: Timed out 5000ms waiting for expect(locator).toBeVisible()

    Locator: getByText('John Doe')
    Expected: visible
    Received: <element(s) not found>
    Call log:
      - Expect "toBeVisible" with timeout 5000ms
      - waiting for getByText('John Doe')


      157 |
      158 |   test('should deselect all when header checkbox is unchecked', async ({ page }) => {
    > 159 |     await expect(page.getByText('John Doe')).toBeVisible()
          |                                              ^
      160 |
      161 |     const headerCheckbox = page.locator('thead input[type="checkbox"]')
      162 |     
        at /Users/arnaudgrunwald/AGcodework/analyst-portal/tests/e2e/admin-bulk-delete.spec.ts:159:46

    attachment #1: screenshot (image/png) ──────────────────────────────────────────────────────────
    ../test-results/e2e-admin-bulk-delete-Admi-ca45c-eader-checkbox-is-unchecked-Mobile-Safari/test-failed-1.png
    ────────────────────────────────────────────────────────────────────────────────────────────────

    attachment #2: video (video/webm) ──────────────────────────────────────────────────────────────
    ../test-results/e2e-admin-bulk-delete-Admi-ca45c-eader-checkbox-is-unchecked-Mobile-Safari/video.webm
    ────────────────────────────────────────────────────────────────────────────────────────────────

    Error Context: ../test-results/e2e-admin-bulk-delete-Admi-ca45c-eader-checkbox-is-unchecked-Mobile-Safari/error-context.md
]]>
</failure>
<system-out>
<![CDATA[
[[ATTACHMENT|e2e-admin-bulk-delete-Admi-ca45c-eader-checkbox-is-unchecked-Mobile-Safari/test-failed-1.png]]

[[ATTACHMENT|e2e-admin-bulk-delete-Admi-ca45c-eader-checkbox-is-unchecked-Mobile-Safari/video.webm]]

[[ATTACHMENT|e2e-admin-bulk-delete-Admi-ca45c-eader-checkbox-is-unchecked-Mobile-Safari/error-context.md]]
]]>
</system-out>
</testcase>
<testcase name="Admin Bulk Delete Analysts › should show clear selection button and functionality" classname="e2e/admin-bulk-delete.spec.ts" time="8.258">
<failure message="admin-bulk-delete.spec.ts:173:7 should show clear selection button and functionality" type="FAILURE">
<![CDATA[  [Mobile Safari] › e2e/admin-bulk-delete.spec.ts:173:7 › Admin Bulk Delete Analysts › should show clear selection button and functionality 

    Error: Timed out 5000ms waiting for expect(locator).toBeVisible()

    Locator: getByText('John Doe')
    Expected: visible
    Received: <element(s) not found>
    Call log:
      - Expect "toBeVisible" with timeout 5000ms
      - waiting for getByText('John Doe')


      172 |
      173 |   test('should show clear selection button and functionality', async ({ page }) => {
    > 174 |     await expect(page.getByText('John Doe')).toBeVisible()
          |                                              ^
      175 |
      176 |     // Select some analysts
      177 |     const firstRowCheckbox = page.locator('tbody tr:first-child input[type="checkbox"]')
        at /Users/arnaudgrunwald/AGcodework/analyst-portal/tests/e2e/admin-bulk-delete.spec.ts:174:46

    attachment #1: screenshot (image/png) ──────────────────────────────────────────────────────────
    ../test-results/e2e-admin-bulk-delete-Admi-cd6d1-on-button-and-functionality-Mobile-Safari/test-failed-1.png
    ────────────────────────────────────────────────────────────────────────────────────────────────

    attachment #2: video (video/webm) ──────────────────────────────────────────────────────────────
    ../test-results/e2e-admin-bulk-delete-Admi-cd6d1-on-button-and-functionality-Mobile-Safari/video.webm
    ────────────────────────────────────────────────────────────────────────────────────────────────

    Error Context: ../test-results/e2e-admin-bulk-delete-Admi-cd6d1-on-button-and-functionality-Mobile-Safari/error-context.md
]]>
</failure>
<system-out>
<![CDATA[
[[ATTACHMENT|e2e-admin-bulk-delete-Admi-cd6d1-on-button-and-functionality-Mobile-Safari/test-failed-1.png]]

[[ATTACHMENT|e2e-admin-bulk-delete-Admi-cd6d1-on-button-and-functionality-Mobile-Safari/video.webm]]

[[ATTACHMENT|e2e-admin-bulk-delete-Admi-cd6d1-on-button-and-functionality-Mobile-Safari/error-context.md]]
]]>
</system-out>
</testcase>
<testcase name="Admin Bulk Delete Analysts › should open confirmation modal when remove access is clicked" classname="e2e/admin-bulk-delete.spec.ts" time="8.336">
<failure message="admin-bulk-delete.spec.ts:195:7 should open confirmation modal when remove access is clicked" type="FAILURE">
<![CDATA[  [Mobile Safari] › e2e/admin-bulk-delete.spec.ts:195:7 › Admin Bulk Delete Analysts › should open confirmation modal when remove access is clicked 

    Error: Timed out 5000ms waiting for expect(locator).toBeVisible()

    Locator: getByText('John Doe')
    Expected: visible
    Received: <element(s) not found>
    Call log:
      - Expect "toBeVisible" with timeout 5000ms
      - waiting for getByText('John Doe')


      194 |
      195 |   test('should open confirmation modal when remove access is clicked', async ({ page }) => {
    > 196 |     await expect(page.getByText('John Doe')).toBeVisible()
          |                                              ^
      197 |
      198 |     // Select analysts
      199 |     const firstRowCheckbox = page.locator('tbody tr:first-child input[type="checkbox"]')
        at /Users/arnaudgrunwald/AGcodework/analyst-portal/tests/e2e/admin-bulk-delete.spec.ts:196:46

    attachment #1: screenshot (image/png) ──────────────────────────────────────────────────────────
    ../test-results/e2e-admin-bulk-delete-Admi-5c4a8-en-remove-access-is-clicked-Mobile-Safari/test-failed-1.png
    ────────────────────────────────────────────────────────────────────────────────────────────────

    attachment #2: video (video/webm) ──────────────────────────────────────────────────────────────
    ../test-results/e2e-admin-bulk-delete-Admi-5c4a8-en-remove-access-is-clicked-Mobile-Safari/video.webm
    ────────────────────────────────────────────────────────────────────────────────────────────────

    Error Context: ../test-results/e2e-admin-bulk-delete-Admi-5c4a8-en-remove-access-is-clicked-Mobile-Safari/error-context.md
]]>
</failure>
<system-out>
<![CDATA[
[[ATTACHMENT|e2e-admin-bulk-delete-Admi-5c4a8-en-remove-access-is-clicked-Mobile-Safari/test-failed-1.png]]

[[ATTACHMENT|e2e-admin-bulk-delete-Admi-5c4a8-en-remove-access-is-clicked-Mobile-Safari/video.webm]]

[[ATTACHMENT|e2e-admin-bulk-delete-Admi-5c4a8-en-remove-access-is-clicked-Mobile-Safari/error-context.md]]
]]>
</system-out>
</testcase>
<testcase name="Admin Bulk Delete Analysts › should allow canceling the deletion" classname="e2e/admin-bulk-delete.spec.ts" time="8.203">
<failure message="admin-bulk-delete.spec.ts:214:7 should allow canceling the deletion" type="FAILURE">
<![CDATA[  [Mobile Safari] › e2e/admin-bulk-delete.spec.ts:214:7 › Admin Bulk Delete Analysts › should allow canceling the deletion 

    Error: Timed out 5000ms waiting for expect(locator).toBeVisible()

    Locator: getByText('John Doe')
    Expected: visible
    Received: <element(s) not found>
    Call log:
      - Expect "toBeVisible" with timeout 5000ms
      - waiting for getByText('John Doe')


      213 |
      214 |   test('should allow canceling the deletion', async ({ page }) => {
    > 215 |     await expect(page.getByText('John Doe')).toBeVisible()
          |                                              ^
      216 |
      217 |     // Select analyst and open modal
      218 |     const firstRowCheckbox = page.locator('tbody tr:first-child input[type="checkbox"]')
        at /Users/arnaudgrunwald/AGcodework/analyst-portal/tests/e2e/admin-bulk-delete.spec.ts:215:46

    attachment #1: screenshot (image/png) ──────────────────────────────────────────────────────────
    ../test-results/e2e-admin-bulk-delete-Admi-8c7e3-llow-canceling-the-deletion-Mobile-Safari/test-failed-1.png
    ────────────────────────────────────────────────────────────────────────────────────────────────

    attachment #2: video (video/webm) ──────────────────────────────────────────────────────────────
    ../test-results/e2e-admin-bulk-delete-Admi-8c7e3-llow-canceling-the-deletion-Mobile-Safari/video.webm
    ────────────────────────────────────────────────────────────────────────────────────────────────

    Error Context: ../test-results/e2e-admin-bulk-delete-Admi-8c7e3-llow-canceling-the-deletion-Mobile-Safari/error-context.md
]]>
</failure>
<system-out>
<![CDATA[
[[ATTACHMENT|e2e-admin-bulk-delete-Admi-8c7e3-llow-canceling-the-deletion-Mobile-Safari/test-failed-1.png]]

[[ATTACHMENT|e2e-admin-bulk-delete-Admi-8c7e3-llow-canceling-the-deletion-Mobile-Safari/video.webm]]

[[ATTACHMENT|e2e-admin-bulk-delete-Admi-8c7e3-llow-canceling-the-deletion-Mobile-Safari/error-context.md]]
]]>
</system-out>
</testcase>
<testcase name="Admin Bulk Delete Analysts › should successfully perform bulk deletion" classname="e2e/admin-bulk-delete.spec.ts" time="8.218">
<failure message="admin-bulk-delete.spec.ts:233:7 should successfully perform bulk deletion" type="FAILURE">
<![CDATA[  [Mobile Safari] › e2e/admin-bulk-delete.spec.ts:233:7 › Admin Bulk Delete Analysts › should successfully perform bulk deletion 

    Error: Timed out 5000ms waiting for expect(locator).toBeVisible()

    Locator: getByText('John Doe')
    Expected: visible
    Received: <element(s) not found>
    Call log:
      - Expect "toBeVisible" with timeout 5000ms
      - waiting for getByText('John Doe')


      248 |     })
      249 |
    > 250 |     await expect(page.getByText('John Doe')).toBeVisible()
          |                                              ^
      251 |
      252 |     // Select analysts
      253 |     const firstRowCheckbox = page.locator('tbody tr:first-child input[type="checkbox"]')
        at /Users/arnaudgrunwald/AGcodework/analyst-portal/tests/e2e/admin-bulk-delete.spec.ts:250:46

    attachment #1: screenshot (image/png) ──────────────────────────────────────────────────────────
    ../test-results/e2e-admin-bulk-delete-Admi-38863-fully-perform-bulk-deletion-Mobile-Safari/test-failed-1.png
    ────────────────────────────────────────────────────────────────────────────────────────────────

    attachment #2: video (video/webm) ──────────────────────────────────────────────────────────────
    ../test-results/e2e-admin-bulk-delete-Admi-38863-fully-perform-bulk-deletion-Mobile-Safari/video.webm
    ────────────────────────────────────────────────────────────────────────────────────────────────

    Error Context: ../test-results/e2e-admin-bulk-delete-Admi-38863-fully-perform-bulk-deletion-Mobile-Safari/error-context.md
]]>
</failure>
<system-out>
<![CDATA[
[[ATTACHMENT|e2e-admin-bulk-delete-Admi-38863-fully-perform-bulk-deletion-Mobile-Safari/test-failed-1.png]]

[[ATTACHMENT|e2e-admin-bulk-delete-Admi-38863-fully-perform-bulk-deletion-Mobile-Safari/video.webm]]

[[ATTACHMENT|e2e-admin-bulk-delete-Admi-38863-fully-perform-bulk-deletion-Mobile-Safari/error-context.md]]
]]>
</system-out>
</testcase>
<testcase name="Admin Bulk Delete Analysts › should handle API errors gracefully" classname="e2e/admin-bulk-delete.spec.ts" time="8.387">
<failure message="admin-bulk-delete.spec.ts:273:7 should handle API errors gracefully" type="FAILURE">
<![CDATA[  [Mobile Safari] › e2e/admin-bulk-delete.spec.ts:273:7 › Admin Bulk Delete Analysts › should handle API errors gracefully 

    Error: Timed out 5000ms waiting for expect(locator).toBeVisible()

    Locator: getByText('John Doe')
    Expected: visible
    Received: <element(s) not found>
    Call log:
      - Expect "toBeVisible" with timeout 5000ms
      - waiting for getByText('John Doe')


      284 |     })
      285 |
    > 286 |     await expect(page.getByText('John Doe')).toBeVisible()
          |                                              ^
      287 |
      288 |     // Select analyst and attempt deletion
      289 |     const firstRowCheckbox = page.locator('tbody tr:first-child input[type="checkbox"]')
        at /Users/arnaudgrunwald/AGcodework/analyst-portal/tests/e2e/admin-bulk-delete.spec.ts:286:46

    attachment #1: screenshot (image/png) ──────────────────────────────────────────────────────────
    ../test-results/e2e-admin-bulk-delete-Admi-b65b4-andle-API-errors-gracefully-Mobile-Safari/test-failed-1.png
    ────────────────────────────────────────────────────────────────────────────────────────────────

    attachment #2: video (video/webm) ──────────────────────────────────────────────────────────────
    ../test-results/e2e-admin-bulk-delete-Admi-b65b4-andle-API-errors-gracefully-Mobile-Safari/video.webm
    ────────────────────────────────────────────────────────────────────────────────────────────────

    Error Context: ../test-results/e2e-admin-bulk-delete-Admi-b65b4-andle-API-errors-gracefully-Mobile-Safari/error-context.md
]]>
</failure>
<system-out>
<![CDATA[
[[ATTACHMENT|e2e-admin-bulk-delete-Admi-b65b4-andle-API-errors-gracefully-Mobile-Safari/test-failed-1.png]]

[[ATTACHMENT|e2e-admin-bulk-delete-Admi-b65b4-andle-API-errors-gracefully-Mobile-Safari/video.webm]]

[[ATTACHMENT|e2e-admin-bulk-delete-Admi-b65b4-andle-API-errors-gracefully-Mobile-Safari/error-context.md]]
]]>
</system-out>
</testcase>
<testcase name="Admin Bulk Delete Analysts › should handle partial success responses" classname="e2e/admin-bulk-delete.spec.ts" time="8.413">
<failure message="admin-bulk-delete.spec.ts:302:7 should handle partial success responses" type="FAILURE">
<![CDATA[  [Mobile Safari] › e2e/admin-bulk-delete.spec.ts:302:7 › Admin Bulk Delete Analysts › should handle partial success responses 

    Error: Timed out 5000ms waiting for expect(locator).toBeVisible()

    Locator: getByText('John Doe')
    Expected: visible
    Received: <element(s) not found>
    Call log:
      - Expect "toBeVisible" with timeout 5000ms
      - waiting for getByText('John Doe')


      316 |     })
      317 |
    > 318 |     await expect(page.getByText('John Doe')).toBeVisible()
          |                                              ^
      319 |
      320 |     // Select multiple analysts
      321 |     const firstRowCheckbox = page.locator('tbody tr:first-child input[type="checkbox"]')
        at /Users/arnaudgrunwald/AGcodework/analyst-portal/tests/e2e/admin-bulk-delete.spec.ts:318:46

    attachment #1: screenshot (image/png) ──────────────────────────────────────────────────────────
    ../test-results/e2e-admin-bulk-delete-Admi-ecc37-e-partial-success-responses-Mobile-Safari/test-failed-1.png
    ────────────────────────────────────────────────────────────────────────────────────────────────

    attachment #2: video (video/webm) ──────────────────────────────────────────────────────────────
    ../test-results/e2e-admin-bulk-delete-Admi-ecc37-e-partial-success-responses-Mobile-Safari/video.webm
    ────────────────────────────────────────────────────────────────────────────────────────────────

    Error Context: ../test-results/e2e-admin-bulk-delete-Admi-ecc37-e-partial-success-responses-Mobile-Safari/error-context.md
]]>
</failure>
<system-out>
<![CDATA[
[[ATTACHMENT|e2e-admin-bulk-delete-Admi-ecc37-e-partial-success-responses-Mobile-Safari/test-failed-1.png]]

[[ATTACHMENT|e2e-admin-bulk-delete-Admi-ecc37-e-partial-success-responses-Mobile-Safari/video.webm]]

[[ATTACHMENT|e2e-admin-bulk-delete-Admi-ecc37-e-partial-success-responses-Mobile-Safari/error-context.md]]
]]>
</system-out>
</testcase>
<testcase name="Admin Bulk Delete Analysts › should update selection count dynamically" classname="e2e/admin-bulk-delete.spec.ts" time="8.3">
<failure message="admin-bulk-delete.spec.ts:336:7 should update selection count dynamically" type="FAILURE">
<![CDATA[  [Mobile Safari] › e2e/admin-bulk-delete.spec.ts:336:7 › Admin Bulk Delete Analysts › should update selection count dynamically 

    Error: Timed out 5000ms waiting for expect(locator).toBeVisible()

    Locator: getByText('John Doe')
    Expected: visible
    Received: <element(s) not found>
    Call log:
      - Expect "toBeVisible" with timeout 5000ms
      - waiting for getByText('John Doe')


      335 |
      336 |   test('should update selection count dynamically', async ({ page }) => {
    > 337 |     await expect(page.getByText('John Doe')).toBeVisible()
          |                                              ^
      338 |
      339 |     const checkboxes = page.locator('tbody input[type="checkbox"]')
      340 |
        at /Users/arnaudgrunwald/AGcodework/analyst-portal/tests/e2e/admin-bulk-delete.spec.ts:337:46

    attachment #1: screenshot (image/png) ──────────────────────────────────────────────────────────
    ../test-results/e2e-admin-bulk-delete-Admi-87852-selection-count-dynamically-Mobile-Safari/test-failed-1.png
    ────────────────────────────────────────────────────────────────────────────────────────────────

    attachment #2: video (video/webm) ──────────────────────────────────────────────────────────────
    ../test-results/e2e-admin-bulk-delete-Admi-87852-selection-count-dynamically-Mobile-Safari/video.webm
    ────────────────────────────────────────────────────────────────────────────────────────────────

    Error Context: ../test-results/e2e-admin-bulk-delete-Admi-87852-selection-count-dynamically-Mobile-Safari/error-context.md
]]>
</failure>
<system-out>
<![CDATA[
[[ATTACHMENT|e2e-admin-bulk-delete-Admi-87852-selection-count-dynamically-Mobile-Safari/test-failed-1.png]]

[[ATTACHMENT|e2e-admin-bulk-delete-Admi-87852-selection-count-dynamically-Mobile-Safari/video.webm]]

[[ATTACHMENT|e2e-admin-bulk-delete-Admi-87852-selection-count-dynamically-Mobile-Safari/error-context.md]]
]]>
</system-out>
</testcase>
<testcase name="Admin Bulk Delete Analysts › should maintain selection state during filtering" classname="e2e/admin-bulk-delete.spec.ts" time="8.401">
<failure message="admin-bulk-delete.spec.ts:362:7 should maintain selection state during filtering" type="FAILURE">
<![CDATA[  [Mobile Safari] › e2e/admin-bulk-delete.spec.ts:362:7 › Admin Bulk Delete Analysts › should maintain selection state during filtering 

    Error: Timed out 5000ms waiting for expect(locator).toBeVisible()

    Locator: getByText('John Doe')
    Expected: visible
    Received: <element(s) not found>
    Call log:
      - Expect "toBeVisible" with timeout 5000ms
      - waiting for getByText('John Doe')


      361 |
      362 |   test('should maintain selection state during filtering', async ({ page }) => {
    > 363 |     await expect(page.getByText('John Doe')).toBeVisible()
          |                                              ^
      364 |
      365 |     // Select an analyst
      366 |     const firstRowCheckbox = page.locator('tbody tr:first-child input[type="checkbox"]')
        at /Users/arnaudgrunwald/AGcodework/analyst-portal/tests/e2e/admin-bulk-delete.spec.ts:363:46

    attachment #1: screenshot (image/png) ──────────────────────────────────────────────────────────
    ../test-results/e2e-admin-bulk-delete-Admi-33c4f-tion-state-during-filtering-Mobile-Safari/test-failed-1.png
    ────────────────────────────────────────────────────────────────────────────────────────────────

    attachment #2: video (video/webm) ──────────────────────────────────────────────────────────────
    ../test-results/e2e-admin-bulk-delete-Admi-33c4f-tion-state-during-filtering-Mobile-Safari/video.webm
    ────────────────────────────────────────────────────────────────────────────────────────────────

    Error Context: ../test-results/e2e-admin-bulk-delete-Admi-33c4f-tion-state-during-filtering-Mobile-Safari/error-context.md
]]>
</failure>
<system-out>
<![CDATA[
[[ATTACHMENT|e2e-admin-bulk-delete-Admi-33c4f-tion-state-during-filtering-Mobile-Safari/test-failed-1.png]]

[[ATTACHMENT|e2e-admin-bulk-delete-Admi-33c4f-tion-state-during-filtering-Mobile-Safari/video.webm]]

[[ATTACHMENT|e2e-admin-bulk-delete-Admi-33c4f-tion-state-during-filtering-Mobile-Safari/error-context.md]]
]]>
</system-out>
</testcase>
</testsuite>
<testsuite name="e2e/admin-bulk-delete.spec.ts" timestamp="2025-10-01T00:45:11.483Z" hostname="Microsoft Edge" tests="12" failures="12" skipped="0" time="0.07" errors="0">
<testcase name="Admin Bulk Delete Analysts › should display analyst accounts with checkboxes" classname="e2e/admin-bulk-delete.spec.ts" time="0.003">
<failure message="admin-bulk-delete.spec.ts:114:7 should display analyst accounts with checkboxes" type="FAILURE">
<![CDATA[  [Microsoft Edge] › e2e/admin-bulk-delete.spec.ts:114:7 › Admin Bulk Delete Analysts › should display analyst accounts with checkboxes 

    Error: browserType.launch: Chromium distribution 'msedge' is not found at /Applications/Microsoft Edge.app/Contents/MacOS/Microsoft Edge
    Run "npx playwright install msedge"
]]>
</failure>
</testcase>
<testcase name="Admin Bulk Delete Analysts › should allow selecting individual analysts" classname="e2e/admin-bulk-delete.spec.ts" time="0.039">
<failure message="admin-bulk-delete.spec.ts:125:7 should allow selecting individual analysts" type="FAILURE">
<![CDATA[  [Microsoft Edge] › e2e/admin-bulk-delete.spec.ts:125:7 › Admin Bulk Delete Analysts › should allow selecting individual analysts 

    Error: browserType.launch: Chromium distribution 'msedge' is not found at /Applications/Microsoft Edge.app/Contents/MacOS/Microsoft Edge
    Run "npx playwright install msedge"
]]>
</failure>
</testcase>
<testcase name="Admin Bulk Delete Analysts › should allow selecting all analysts with header checkbox" classname="e2e/admin-bulk-delete.spec.ts" time="0.004">
<failure message="admin-bulk-delete.spec.ts:139:7 should allow selecting all analysts with header checkbox" type="FAILURE">
<![CDATA[  [Microsoft Edge] › e2e/admin-bulk-delete.spec.ts:139:7 › Admin Bulk Delete Analysts › should allow selecting all analysts with header checkbox 

    Error: browserType.launch: Chromium distribution 'msedge' is not found at /Applications/Microsoft Edge.app/Contents/MacOS/Microsoft Edge
    Run "npx playwright install msedge"
]]>
</failure>
</testcase>
<testcase name="Admin Bulk Delete Analysts › should deselect all when header checkbox is unchecked" classname="e2e/admin-bulk-delete.spec.ts" time="0.003">
<failure message="admin-bulk-delete.spec.ts:158:7 should deselect all when header checkbox is unchecked" type="FAILURE">
<![CDATA[  [Microsoft Edge] › e2e/admin-bulk-delete.spec.ts:158:7 › Admin Bulk Delete Analysts › should deselect all when header checkbox is unchecked 

    Error: browserType.launch: Chromium distribution 'msedge' is not found at /Applications/Microsoft Edge.app/Contents/MacOS/Microsoft Edge
    Run "npx playwright install msedge"
]]>
</failure>
</testcase>
<testcase name="Admin Bulk Delete Analysts › should show clear selection button and functionality" classname="e2e/admin-bulk-delete.spec.ts" time="0.004">
<failure message="admin-bulk-delete.spec.ts:173:7 should show clear selection button and functionality" type="FAILURE">
<![CDATA[  [Microsoft Edge] › e2e/admin-bulk-delete.spec.ts:173:7 › Admin Bulk Delete Analysts › should show clear selection button and functionality 

    Error: browserType.launch: Chromium distribution 'msedge' is not found at /Applications/Microsoft Edge.app/Contents/MacOS/Microsoft Edge
    Run "npx playwright install msedge"
]]>
</failure>
</testcase>
<testcase name="Admin Bulk Delete Analysts › should open confirmation modal when remove access is clicked" classname="e2e/admin-bulk-delete.spec.ts" time="0.004">
<failure message="admin-bulk-delete.spec.ts:195:7 should open confirmation modal when remove access is clicked" type="FAILURE">
<![CDATA[  [Microsoft Edge] › e2e/admin-bulk-delete.spec.ts:195:7 › Admin Bulk Delete Analysts › should open confirmation modal when remove access is clicked 

    Error: browserType.launch: Chromium distribution 'msedge' is not found at /Applications/Microsoft Edge.app/Contents/MacOS/Microsoft Edge
    Run "npx playwright install msedge"
]]>
</failure>
</testcase>
<testcase name="Admin Bulk Delete Analysts › should allow canceling the deletion" classname="e2e/admin-bulk-delete.spec.ts" time="0.003">
<failure message="admin-bulk-delete.spec.ts:214:7 should allow canceling the deletion" type="FAILURE">
<![CDATA[  [Microsoft Edge] › e2e/admin-bulk-delete.spec.ts:214:7 › Admin Bulk Delete Analysts › should allow canceling the deletion 

    Error: browserType.launch: Chromium distribution 'msedge' is not found at /Applications/Microsoft Edge.app/Contents/MacOS/Microsoft Edge
    Run "npx playwright install msedge"
]]>
</failure>
</testcase>
<testcase name="Admin Bulk Delete Analysts › should successfully perform bulk deletion" classname="e2e/admin-bulk-delete.spec.ts" time="0.003">
<failure message="admin-bulk-delete.spec.ts:233:7 should successfully perform bulk deletion" type="FAILURE">
<![CDATA[  [Microsoft Edge] › e2e/admin-bulk-delete.spec.ts:233:7 › Admin Bulk Delete Analysts › should successfully perform bulk deletion 

    Error: browserType.launch: Chromium distribution 'msedge' is not found at /Applications/Microsoft Edge.app/Contents/MacOS/Microsoft Edge
    Run "npx playwright install msedge"
]]>
</failure>
</testcase>
<testcase name="Admin Bulk Delete Analysts › should handle API errors gracefully" classname="e2e/admin-bulk-delete.spec.ts" time="0.002">
<failure message="admin-bulk-delete.spec.ts:273:7 should handle API errors gracefully" type="FAILURE">
<![CDATA[  [Microsoft Edge] › e2e/admin-bulk-delete.spec.ts:273:7 › Admin Bulk Delete Analysts › should handle API errors gracefully 

    Error: browserType.launch: Chromium distribution 'msedge' is not found at /Applications/Microsoft Edge.app/Contents/MacOS/Microsoft Edge
    Run "npx playwright install msedge"
]]>
</failure>
</testcase>
<testcase name="Admin Bulk Delete Analysts › should handle partial success responses" classname="e2e/admin-bulk-delete.spec.ts" time="0.002">
<failure message="admin-bulk-delete.spec.ts:302:7 should handle partial success responses" type="FAILURE">
<![CDATA[  [Microsoft Edge] › e2e/admin-bulk-delete.spec.ts:302:7 › Admin Bulk Delete Analysts › should handle partial success responses 

    Error: browserType.launch: Chromium distribution 'msedge' is not found at /Applications/Microsoft Edge.app/Contents/MacOS/Microsoft Edge
    Run "npx playwright install msedge"
]]>
</failure>
</testcase>
<testcase name="Admin Bulk Delete Analysts › should update selection count dynamically" classname="e2e/admin-bulk-delete.spec.ts" time="0.001">
<failure message="admin-bulk-delete.spec.ts:336:7 should update selection count dynamically" type="FAILURE">
<![CDATA[  [Microsoft Edge] › e2e/admin-bulk-delete.spec.ts:336:7 › Admin Bulk Delete Analysts › should update selection count dynamically 

    Error: browserType.launch: Chromium distribution 'msedge' is not found at /Applications/Microsoft Edge.app/Contents/MacOS/Microsoft Edge
    Run "npx playwright install msedge"
]]>
</failure>
</testcase>
<testcase name="Admin Bulk Delete Analysts › should maintain selection state during filtering" classname="e2e/admin-bulk-delete.spec.ts" time="0.002">
<failure message="admin-bulk-delete.spec.ts:362:7 should maintain selection state during filtering" type="FAILURE">
<![CDATA[  [Microsoft Edge] › e2e/admin-bulk-delete.spec.ts:362:7 › Admin Bulk Delete Analysts › should maintain selection state during filtering 

    Error: browserType.launch: Chromium distribution 'msedge' is not found at /Applications/Microsoft Edge.app/Contents/MacOS/Microsoft Edge
    Run "npx playwright install msedge"
]]>
</failure>
</testcase>
</testsuite>
<testsuite name="e2e/admin-bulk-delete.spec.ts" timestamp="2025-10-01T00:45:11.483Z" hostname="Google Chrome" tests="12" failures="12" skipped="0" time="179.335" errors="0">
<testcase name="Admin Bulk Delete Analysts › should display analyst accounts with checkboxes" classname="e2e/admin-bulk-delete.spec.ts" time="13.192">
<failure message="admin-bulk-delete.spec.ts:114:7 should display analyst accounts with checkboxes" type="FAILURE">
<![CDATA[  [Google Chrome] › e2e/admin-bulk-delete.spec.ts:114:7 › Admin Bulk Delete Analysts › should display analyst accounts with checkboxes 

    Error: Timed out 5000ms waiting for expect(locator).toBeVisible()

    Locator: getByText('John Doe')
    Expected: visible
    Received: <element(s) not found>
    Call log:
      - Expect "toBeVisible" with timeout 5000ms
      - waiting for getByText('John Doe')


      114 |   test('should display analyst accounts with checkboxes', async ({ page }) => {
      115 |     // Wait for data to load
    > 116 |     await expect(page.getByText('John Doe')).toBeVisible()
          |                                              ^
      117 |     await expect(page.getByText('Jane Smith')).toBeVisible()
      118 |     await expect(page.getByText('Bob Johnson')).toBeVisible()
      119 |
        at /Users/arnaudgrunwald/AGcodework/analyst-portal/tests/e2e/admin-bulk-delete.spec.ts:116:46

    attachment #1: screenshot (image/png) ──────────────────────────────────────────────────────────
    ../test-results/e2e-admin-bulk-delete-Admi-0dd60-st-accounts-with-checkboxes-Google-Chrome/test-failed-1.png
    ────────────────────────────────────────────────────────────────────────────────────────────────

    attachment #2: video (video/webm) ──────────────────────────────────────────────────────────────
    ../test-results/e2e-admin-bulk-delete-Admi-0dd60-st-accounts-with-checkboxes-Google-Chrome/video.webm
    ────────────────────────────────────────────────────────────────────────────────────────────────

    Error Context: ../test-results/e2e-admin-bulk-delete-Admi-0dd60-st-accounts-with-checkboxes-Google-Chrome/error-context.md
]]>
</failure>
<system-out>
<![CDATA[
[[ATTACHMENT|e2e-admin-bulk-delete-Admi-0dd60-st-accounts-with-checkboxes-Google-Chrome/test-failed-1.png]]

[[ATTACHMENT|e2e-admin-bulk-delete-Admi-0dd60-st-accounts-with-checkboxes-Google-Chrome/video.webm]]

[[ATTACHMENT|e2e-admin-bulk-delete-Admi-0dd60-st-accounts-with-checkboxes-Google-Chrome/error-context.md]]
]]>
</system-out>
</testcase>
<testcase name="Admin Bulk Delete Analysts › should allow selecting individual analysts" classname="e2e/admin-bulk-delete.spec.ts" time="13.986">
<failure message="admin-bulk-delete.spec.ts:125:7 should allow selecting individual analysts" type="FAILURE">
<![CDATA[  [Google Chrome] › e2e/admin-bulk-delete.spec.ts:125:7 › Admin Bulk Delete Analysts › should allow selecting individual analysts 

    Error: Timed out 5000ms waiting for expect(locator).toBeVisible()

    Locator: getByText('John Doe')
    Expected: visible
    Received: <element(s) not found>
    Call log:
      - Expect "toBeVisible" with timeout 5000ms
      - waiting for getByText('John Doe')


      124 |
      125 |   test('should allow selecting individual analysts', async ({ page }) => {
    > 126 |     await expect(page.getByText('John Doe')).toBeVisible()
          |                                              ^
      127 |
      128 |     // Select first analyst
      129 |     const firstRowCheckbox = page.locator('tbody tr:first-child input[type="checkbox"]')
        at /Users/arnaudgrunwald/AGcodework/analyst-portal/tests/e2e/admin-bulk-delete.spec.ts:126:46

    attachment #1: screenshot (image/png) ──────────────────────────────────────────────────────────
    ../test-results/e2e-admin-bulk-delete-Admi-f84f8-lecting-individual-analysts-Google-Chrome/test-failed-1.png
    ────────────────────────────────────────────────────────────────────────────────────────────────

    attachment #2: video (video/webm) ──────────────────────────────────────────────────────────────
    ../test-results/e2e-admin-bulk-delete-Admi-f84f8-lecting-individual-analysts-Google-Chrome/video.webm
    ────────────────────────────────────────────────────────────────────────────────────────────────

    Error Context: ../test-results/e2e-admin-bulk-delete-Admi-f84f8-lecting-individual-analysts-Google-Chrome/error-context.md
]]>
</failure>
<system-out>
<![CDATA[
[[ATTACHMENT|e2e-admin-bulk-delete-Admi-f84f8-lecting-individual-analysts-Google-Chrome/test-failed-1.png]]

[[ATTACHMENT|e2e-admin-bulk-delete-Admi-f84f8-lecting-individual-analysts-Google-Chrome/video.webm]]

[[ATTACHMENT|e2e-admin-bulk-delete-Admi-f84f8-lecting-individual-analysts-Google-Chrome/error-context.md]]
]]>
</system-out>
</testcase>
<testcase name="Admin Bulk Delete Analysts › should allow selecting all analysts with header checkbox" classname="e2e/admin-bulk-delete.spec.ts" time="13.223">
<failure message="admin-bulk-delete.spec.ts:139:7 should allow selecting all analysts with header checkbox" type="FAILURE">
<![CDATA[  [Google Chrome] › e2e/admin-bulk-delete.spec.ts:139:7 › Admin Bulk Delete Analysts › should allow selecting all analysts with header checkbox 

    Error: Timed out 5000ms waiting for expect(locator).toBeVisible()

    Locator: getByText('John Doe')
    Expected: visible
    Received: <element(s) not found>
    Call log:
      - Expect "toBeVisible" with timeout 5000ms
      - waiting for getByText('John Doe')


      138 |
      139 |   test('should allow selecting all analysts with header checkbox', async ({ page }) => {
    > 140 |     await expect(page.getByText('John Doe')).toBeVisible()
          |                                              ^
      141 |
      142 |     // Click header checkbox
      143 |     const headerCheckbox = page.locator('thead input[type="checkbox"]')
        at /Users/arnaudgrunwald/AGcodework/analyst-portal/tests/e2e/admin-bulk-delete.spec.ts:140:46

    attachment #1: screenshot (image/png) ──────────────────────────────────────────────────────────
    ../test-results/e2e-admin-bulk-delete-Admi-5fef1-alysts-with-header-checkbox-Google-Chrome/test-failed-1.png
    ────────────────────────────────────────────────────────────────────────────────────────────────

    attachment #2: video (video/webm) ──────────────────────────────────────────────────────────────
    ../test-results/e2e-admin-bulk-delete-Admi-5fef1-alysts-with-header-checkbox-Google-Chrome/video.webm
    ────────────────────────────────────────────────────────────────────────────────────────────────

    Error Context: ../test-results/e2e-admin-bulk-delete-Admi-5fef1-alysts-with-header-checkbox-Google-Chrome/error-context.md
]]>
</failure>
<system-out>
<![CDATA[
[[ATTACHMENT|e2e-admin-bulk-delete-Admi-5fef1-alysts-with-header-checkbox-Google-Chrome/test-failed-1.png]]

[[ATTACHMENT|e2e-admin-bulk-delete-Admi-5fef1-alysts-with-header-checkbox-Google-Chrome/video.webm]]

[[ATTACHMENT|e2e-admin-bulk-delete-Admi-5fef1-alysts-with-header-checkbox-Google-Chrome/error-context.md]]
]]>
</system-out>
</testcase>
<testcase name="Admin Bulk Delete Analysts › should deselect all when header checkbox is unchecked" classname="e2e/admin-bulk-delete.spec.ts" time="14.003">
<failure message="admin-bulk-delete.spec.ts:158:7 should deselect all when header checkbox is unchecked" type="FAILURE">
<![CDATA[  [Google Chrome] › e2e/admin-bulk-delete.spec.ts:158:7 › Admin Bulk Delete Analysts › should deselect all when header checkbox is unchecked 

    Error: Timed out 5000ms waiting for expect(locator).toBeVisible()

    Locator: getByText('John Doe')
    Expected: visible
    Received: <element(s) not found>
    Call log:
      - Expect "toBeVisible" with timeout 5000ms
      - waiting for getByText('John Doe')


      157 |
      158 |   test('should deselect all when header checkbox is unchecked', async ({ page }) => {
    > 159 |     await expect(page.getByText('John Doe')).toBeVisible()
          |                                              ^
      160 |
      161 |     const headerCheckbox = page.locator('thead input[type="checkbox"]')
      162 |     
        at /Users/arnaudgrunwald/AGcodework/analyst-portal/tests/e2e/admin-bulk-delete.spec.ts:159:46

    attachment #1: screenshot (image/png) ──────────────────────────────────────────────────────────
    ../test-results/e2e-admin-bulk-delete-Admi-ca45c-eader-checkbox-is-unchecked-Google-Chrome/test-failed-1.png
    ────────────────────────────────────────────────────────────────────────────────────────────────

    attachment #2: video (video/webm) ──────────────────────────────────────────────────────────────
    ../test-results/e2e-admin-bulk-delete-Admi-ca45c-eader-checkbox-is-unchecked-Google-Chrome/video.webm
    ────────────────────────────────────────────────────────────────────────────────────────────────

    Error Context: ../test-results/e2e-admin-bulk-delete-Admi-ca45c-eader-checkbox-is-unchecked-Google-Chrome/error-context.md
]]>
</failure>
<system-out>
<![CDATA[
[[ATTACHMENT|e2e-admin-bulk-delete-Admi-ca45c-eader-checkbox-is-unchecked-Google-Chrome/test-failed-1.png]]

[[ATTACHMENT|e2e-admin-bulk-delete-Admi-ca45c-eader-checkbox-is-unchecked-Google-Chrome/video.webm]]

[[ATTACHMENT|e2e-admin-bulk-delete-Admi-ca45c-eader-checkbox-is-unchecked-Google-Chrome/error-context.md]]
]]>
</system-out>
</testcase>
<testcase name="Admin Bulk Delete Analysts › should show clear selection button and functionality" classname="e2e/admin-bulk-delete.spec.ts" time="13.124">
<failure message="admin-bulk-delete.spec.ts:173:7 should show clear selection button and functionality" type="FAILURE">
<![CDATA[  [Google Chrome] › e2e/admin-bulk-delete.spec.ts:173:7 › Admin Bulk Delete Analysts › should show clear selection button and functionality 

    Error: Timed out 5000ms waiting for expect(locator).toBeVisible()

    Locator: getByText('John Doe')
    Expected: visible
    Received: <element(s) not found>
    Call log:
      - Expect "toBeVisible" with timeout 5000ms
      - waiting for getByText('John Doe')


      172 |
      173 |   test('should show clear selection button and functionality', async ({ page }) => {
    > 174 |     await expect(page.getByText('John Doe')).toBeVisible()
          |                                              ^
      175 |
      176 |     // Select some analysts
      177 |     const firstRowCheckbox = page.locator('tbody tr:first-child input[type="checkbox"]')
        at /Users/arnaudgrunwald/AGcodework/analyst-portal/tests/e2e/admin-bulk-delete.spec.ts:174:46

    attachment #1: screenshot (image/png) ──────────────────────────────────────────────────────────
    ../test-results/e2e-admin-bulk-delete-Admi-cd6d1-on-button-and-functionality-Google-Chrome/test-failed-1.png
    ────────────────────────────────────────────────────────────────────────────────────────────────

    attachment #2: video (video/webm) ──────────────────────────────────────────────────────────────
    ../test-results/e2e-admin-bulk-delete-Admi-cd6d1-on-button-and-functionality-Google-Chrome/video.webm
    ────────────────────────────────────────────────────────────────────────────────────────────────

    Error Context: ../test-results/e2e-admin-bulk-delete-Admi-cd6d1-on-button-and-functionality-Google-Chrome/error-context.md
]]>
</failure>
<system-out>
<![CDATA[
[[ATTACHMENT|e2e-admin-bulk-delete-Admi-cd6d1-on-button-and-functionality-Google-Chrome/test-failed-1.png]]

[[ATTACHMENT|e2e-admin-bulk-delete-Admi-cd6d1-on-button-and-functionality-Google-Chrome/video.webm]]

[[ATTACHMENT|e2e-admin-bulk-delete-Admi-cd6d1-on-button-and-functionality-Google-Chrome/error-context.md]]
]]>
</system-out>
</testcase>
<testcase name="Admin Bulk Delete Analysts › should open confirmation modal when remove access is clicked" classname="e2e/admin-bulk-delete.spec.ts" time="13.041">
<failure message="admin-bulk-delete.spec.ts:195:7 should open confirmation modal when remove access is clicked" type="FAILURE">
<![CDATA[  [Google Chrome] › e2e/admin-bulk-delete.spec.ts:195:7 › Admin Bulk Delete Analysts › should open confirmation modal when remove access is clicked 

    Error: Timed out 5000ms waiting for expect(locator).toBeVisible()

    Locator: getByText('John Doe')
    Expected: visible
    Received: <element(s) not found>
    Call log:
      - Expect "toBeVisible" with timeout 5000ms
      - waiting for getByText('John Doe')


      194 |
      195 |   test('should open confirmation modal when remove access is clicked', async ({ page }) => {
    > 196 |     await expect(page.getByText('John Doe')).toBeVisible()
          |                                              ^
      197 |
      198 |     // Select analysts
      199 |     const firstRowCheckbox = page.locator('tbody tr:first-child input[type="checkbox"]')
        at /Users/arnaudgrunwald/AGcodework/analyst-portal/tests/e2e/admin-bulk-delete.spec.ts:196:46

    attachment #1: screenshot (image/png) ──────────────────────────────────────────────────────────
    ../test-results/e2e-admin-bulk-delete-Admi-5c4a8-en-remove-access-is-clicked-Google-Chrome/test-failed-1.png
    ────────────────────────────────────────────────────────────────────────────────────────────────

    attachment #2: video (video/webm) ──────────────────────────────────────────────────────────────
    ../test-results/e2e-admin-bulk-delete-Admi-5c4a8-en-remove-access-is-clicked-Google-Chrome/video.webm
    ────────────────────────────────────────────────────────────────────────────────────────────────

    Error Context: ../test-results/e2e-admin-bulk-delete-Admi-5c4a8-en-remove-access-is-clicked-Google-Chrome/error-context.md
]]>
</failure>
<system-out>
<![CDATA[
[[ATTACHMENT|e2e-admin-bulk-delete-Admi-5c4a8-en-remove-access-is-clicked-Google-Chrome/test-failed-1.png]]

[[ATTACHMENT|e2e-admin-bulk-delete-Admi-5c4a8-en-remove-access-is-clicked-Google-Chrome/video.webm]]

[[ATTACHMENT|e2e-admin-bulk-delete-Admi-5c4a8-en-remove-access-is-clicked-Google-Chrome/error-context.md]]
]]>
</system-out>
</testcase>
<testcase name="Admin Bulk Delete Analysts › should allow canceling the deletion" classname="e2e/admin-bulk-delete.spec.ts" time="20.464">
<failure message="admin-bulk-delete.spec.ts:214:7 should allow canceling the deletion" type="FAILURE">
<![CDATA[  [Google Chrome] › e2e/admin-bulk-delete.spec.ts:214:7 › Admin Bulk Delete Analysts › should allow canceling the deletion 

    Error: Timed out 5000ms waiting for expect(locator).toBeVisible()

    Locator: getByText('John Doe')
    Expected: visible
    Received: <element(s) not found>
    Call log:
      - Expect "toBeVisible" with timeout 5000ms
      - waiting for getByText('John Doe')


      213 |
      214 |   test('should allow canceling the deletion', async ({ page }) => {
    > 215 |     await expect(page.getByText('John Doe')).toBeVisible()
          |                                              ^
      216 |
      217 |     // Select analyst and open modal
      218 |     const firstRowCheckbox = page.locator('tbody tr:first-child input[type="checkbox"]')
        at /Users/arnaudgrunwald/AGcodework/analyst-portal/tests/e2e/admin-bulk-delete.spec.ts:215:46

    attachment #1: screenshot (image/png) ──────────────────────────────────────────────────────────
    ../test-results/e2e-admin-bulk-delete-Admi-8c7e3-llow-canceling-the-deletion-Google-Chrome/test-failed-1.png
    ────────────────────────────────────────────────────────────────────────────────────────────────

    attachment #2: video (video/webm) ──────────────────────────────────────────────────────────────
    ../test-results/e2e-admin-bulk-delete-Admi-8c7e3-llow-canceling-the-deletion-Google-Chrome/video.webm
    ────────────────────────────────────────────────────────────────────────────────────────────────

    Error Context: ../test-results/e2e-admin-bulk-delete-Admi-8c7e3-llow-canceling-the-deletion-Google-Chrome/error-context.md
]]>
</failure>
<system-out>
<![CDATA[
[[ATTACHMENT|e2e-admin-bulk-delete-Admi-8c7e3-llow-canceling-the-deletion-Google-Chrome/test-failed-1.png]]

[[ATTACHMENT|e2e-admin-bulk-delete-Admi-8c7e3-llow-canceling-the-deletion-Google-Chrome/video.webm]]

[[ATTACHMENT|e2e-admin-bulk-delete-Admi-8c7e3-llow-canceling-the-deletion-Google-Chrome/error-context.md]]
]]>
</system-out>
</testcase>
<testcase name="Admin Bulk Delete Analysts › should successfully perform bulk deletion" classname="e2e/admin-bulk-delete.spec.ts" time="18.855">
<failure message="admin-bulk-delete.spec.ts:233:7 should successfully perform bulk deletion" type="FAILURE">
<![CDATA[  [Google Chrome] › e2e/admin-bulk-delete.spec.ts:233:7 › Admin Bulk Delete Analysts › should successfully perform bulk deletion 

    Error: Timed out 5000ms waiting for expect(locator).toBeVisible()

    Locator: getByText('John Doe')
    Expected: visible
    Received: <element(s) not found>
    Call log:
      - Expect "toBeVisible" with timeout 5000ms
      - waiting for getByText('John Doe')


      248 |     })
      249 |
    > 250 |     await expect(page.getByText('John Doe')).toBeVisible()
          |                                              ^
      251 |
      252 |     // Select analysts
      253 |     const firstRowCheckbox = page.locator('tbody tr:first-child input[type="checkbox"]')
        at /Users/arnaudgrunwald/AGcodework/analyst-portal/tests/e2e/admin-bulk-delete.spec.ts:250:46

    attachment #1: screenshot (image/png) ──────────────────────────────────────────────────────────
    ../test-results/e2e-admin-bulk-delete-Admi-38863-fully-perform-bulk-deletion-Google-Chrome/test-failed-1.png
    ────────────────────────────────────────────────────────────────────────────────────────────────

    attachment #2: video (video/webm) ──────────────────────────────────────────────────────────────
    ../test-results/e2e-admin-bulk-delete-Admi-38863-fully-perform-bulk-deletion-Google-Chrome/video.webm
    ────────────────────────────────────────────────────────────────────────────────────────────────

    Error Context: ../test-results/e2e-admin-bulk-delete-Admi-38863-fully-perform-bulk-deletion-Google-Chrome/error-context.md
]]>
</failure>
<system-out>
<![CDATA[
[[ATTACHMENT|e2e-admin-bulk-delete-Admi-38863-fully-perform-bulk-deletion-Google-Chrome/test-failed-1.png]]

[[ATTACHMENT|e2e-admin-bulk-delete-Admi-38863-fully-perform-bulk-deletion-Google-Chrome/video.webm]]

[[ATTACHMENT|e2e-admin-bulk-delete-Admi-38863-fully-perform-bulk-deletion-Google-Chrome/error-context.md]]
]]>
</system-out>
</testcase>
<testcase name="Admin Bulk Delete Analysts › should handle API errors gracefully" classname="e2e/admin-bulk-delete.spec.ts" time="18.827">
<failure message="admin-bulk-delete.spec.ts:273:7 should handle API errors gracefully" type="FAILURE">
<![CDATA[  [Google Chrome] › e2e/admin-bulk-delete.spec.ts:273:7 › Admin Bulk Delete Analysts › should handle API errors gracefully 

    Error: Timed out 5000ms waiting for expect(locator).toBeVisible()

    Locator: getByText('John Doe')
    Expected: visible
    Received: <element(s) not found>
    Call log:
      - Expect "toBeVisible" with timeout 5000ms
      - waiting for getByText('John Doe')


      284 |     })
      285 |
    > 286 |     await expect(page.getByText('John Doe')).toBeVisible()
          |                                              ^
      287 |
      288 |     // Select analyst and attempt deletion
      289 |     const firstRowCheckbox = page.locator('tbody tr:first-child input[type="checkbox"]')
        at /Users/arnaudgrunwald/AGcodework/analyst-portal/tests/e2e/admin-bulk-delete.spec.ts:286:46

    attachment #1: screenshot (image/png) ──────────────────────────────────────────────────────────
    ../test-results/e2e-admin-bulk-delete-Admi-b65b4-andle-API-errors-gracefully-Google-Chrome/test-failed-1.png
    ────────────────────────────────────────────────────────────────────────────────────────────────

    attachment #2: video (video/webm) ──────────────────────────────────────────────────────────────
    ../test-results/e2e-admin-bulk-delete-Admi-b65b4-andle-API-errors-gracefully-Google-Chrome/video.webm
    ────────────────────────────────────────────────────────────────────────────────────────────────

    Error Context: ../test-results/e2e-admin-bulk-delete-Admi-b65b4-andle-API-errors-gracefully-Google-Chrome/error-context.md
]]>
</failure>
<system-out>
<![CDATA[
[[ATTACHMENT|e2e-admin-bulk-delete-Admi-b65b4-andle-API-errors-gracefully-Google-Chrome/test-failed-1.png]]

[[ATTACHMENT|e2e-admin-bulk-delete-Admi-b65b4-andle-API-errors-gracefully-Google-Chrome/video.webm]]

[[ATTACHMENT|e2e-admin-bulk-delete-Admi-b65b4-andle-API-errors-gracefully-Google-Chrome/error-context.md]]
]]>
</system-out>
</testcase>
<testcase name="Admin Bulk Delete Analysts › should handle partial success responses" classname="e2e/admin-bulk-delete.spec.ts" time="18.725">
<failure message="admin-bulk-delete.spec.ts:302:7 should handle partial success responses" type="FAILURE">
<![CDATA[  [Google Chrome] › e2e/admin-bulk-delete.spec.ts:302:7 › Admin Bulk Delete Analysts › should handle partial success responses 

    Error: Timed out 5000ms waiting for expect(locator).toBeVisible()

    Locator: getByText('John Doe')
    Expected: visible
    Received: <element(s) not found>
    Call log:
      - Expect "toBeVisible" with timeout 5000ms
      - waiting for getByText('John Doe')


      316 |     })
      317 |
    > 318 |     await expect(page.getByText('John Doe')).toBeVisible()
          |                                              ^
      319 |
      320 |     // Select multiple analysts
      321 |     const firstRowCheckbox = page.locator('tbody tr:first-child input[type="checkbox"]')
        at /Users/arnaudgrunwald/AGcodework/analyst-portal/tests/e2e/admin-bulk-delete.spec.ts:318:46

    attachment #1: screenshot (image/png) ──────────────────────────────────────────────────────────
    ../test-results/e2e-admin-bulk-delete-Admi-ecc37-e-partial-success-responses-Google-Chrome/test-failed-1.png
    ────────────────────────────────────────────────────────────────────────────────────────────────

    attachment #2: video (video/webm) ──────────────────────────────────────────────────────────────
    ../test-results/e2e-admin-bulk-delete-Admi-ecc37-e-partial-success-responses-Google-Chrome/video.webm
    ────────────────────────────────────────────────────────────────────────────────────────────────

    Error Context: ../test-results/e2e-admin-bulk-delete-Admi-ecc37-e-partial-success-responses-Google-Chrome/error-context.md
]]>
</failure>
<system-out>
<![CDATA[
[[ATTACHMENT|e2e-admin-bulk-delete-Admi-ecc37-e-partial-success-responses-Google-Chrome/test-failed-1.png]]

[[ATTACHMENT|e2e-admin-bulk-delete-Admi-ecc37-e-partial-success-responses-Google-Chrome/video.webm]]

[[ATTACHMENT|e2e-admin-bulk-delete-Admi-ecc37-e-partial-success-responses-Google-Chrome/error-context.md]]
]]>
</system-out>
</testcase>
<testcase name="Admin Bulk Delete Analysts › should update selection count dynamically" classname="e2e/admin-bulk-delete.spec.ts" time="10.938">
<failure message="admin-bulk-delete.spec.ts:336:7 should update selection count dynamically" type="FAILURE">
<![CDATA[  [Google Chrome] › e2e/admin-bulk-delete.spec.ts:336:7 › Admin Bulk Delete Analysts › should update selection count dynamically 

    Error: Timed out 5000ms waiting for expect(locator).toBeVisible()

    Locator: getByText('John Doe')
    Expected: visible
    Received: <element(s) not found>
    Call log:
      - Expect "toBeVisible" with timeout 5000ms
      - waiting for getByText('John Doe')


      335 |
      336 |   test('should update selection count dynamically', async ({ page }) => {
    > 337 |     await expect(page.getByText('John Doe')).toBeVisible()
          |                                              ^
      338 |
      339 |     const checkboxes = page.locator('tbody input[type="checkbox"]')
      340 |
        at /Users/arnaudgrunwald/AGcodework/analyst-portal/tests/e2e/admin-bulk-delete.spec.ts:337:46

    attachment #1: screenshot (image/png) ──────────────────────────────────────────────────────────
    ../test-results/e2e-admin-bulk-delete-Admi-87852-selection-count-dynamically-Google-Chrome/test-failed-1.png
    ────────────────────────────────────────────────────────────────────────────────────────────────

    attachment #2: video (video/webm) ──────────────────────────────────────────────────────────────
    ../test-results/e2e-admin-bulk-delete-Admi-87852-selection-count-dynamically-Google-Chrome/video.webm
    ────────────────────────────────────────────────────────────────────────────────────────────────

    Error Context: ../test-results/e2e-admin-bulk-delete-Admi-87852-selection-count-dynamically-Google-Chrome/error-context.md
]]>
</failure>
<system-out>
<![CDATA[
[[ATTACHMENT|e2e-admin-bulk-delete-Admi-87852-selection-count-dynamically-Google-Chrome/test-failed-1.png]]

[[ATTACHMENT|e2e-admin-bulk-delete-Admi-87852-selection-count-dynamically-Google-Chrome/video.webm]]

[[ATTACHMENT|e2e-admin-bulk-delete-Admi-87852-selection-count-dynamically-Google-Chrome/error-context.md]]
]]>
</system-out>
</testcase>
<testcase name="Admin Bulk Delete Analysts › should maintain selection state during filtering" classname="e2e/admin-bulk-delete.spec.ts" time="10.957">
<failure message="admin-bulk-delete.spec.ts:362:7 should maintain selection state during filtering" type="FAILURE">
<![CDATA[  [Google Chrome] › e2e/admin-bulk-delete.spec.ts:362:7 › Admin Bulk Delete Analysts › should maintain selection state during filtering 

    Error: Timed out 5000ms waiting for expect(locator).toBeVisible()

    Locator: getByText('John Doe')
    Expected: visible
    Received: <element(s) not found>
    Call log:
      - Expect "toBeVisible" with timeout 5000ms
      - waiting for getByText('John Doe')


      361 |
      362 |   test('should maintain selection state during filtering', async ({ page }) => {
    > 363 |     await expect(page.getByText('John Doe')).toBeVisible()
          |                                              ^
      364 |
      365 |     // Select an analyst
      366 |     const firstRowCheckbox = page.locator('tbody tr:first-child input[type="checkbox"]')
        at /Users/arnaudgrunwald/AGcodework/analyst-portal/tests/e2e/admin-bulk-delete.spec.ts:363:46

    attachment #1: screenshot (image/png) ──────────────────────────────────────────────────────────
    ../test-results/e2e-admin-bulk-delete-Admi-33c4f-tion-state-during-filtering-Google-Chrome/test-failed-1.png
    ────────────────────────────────────────────────────────────────────────────────────────────────

    attachment #2: video (video/webm) ──────────────────────────────────────────────────────────────
    ../test-results/e2e-admin-bulk-delete-Admi-33c4f-tion-state-during-filtering-Google-Chrome/video.webm
    ────────────────────────────────────────────────────────────────────────────────────────────────

    Error Context: ../test-results/e2e-admin-bulk-delete-Admi-33c4f-tion-state-during-filtering-Google-Chrome/error-context.md
]]>
</failure>
<system-out>
<![CDATA[
[[ATTACHMENT|e2e-admin-bulk-delete-Admi-33c4f-tion-state-during-filtering-Google-Chrome/test-failed-1.png]]

[[ATTACHMENT|e2e-admin-bulk-delete-Admi-33c4f-tion-state-during-filtering-Google-Chrome/video.webm]]

[[ATTACHMENT|e2e-admin-bulk-delete-Admi-33c4f-tion-state-during-filtering-Google-Chrome/error-context.md]]
]]>
</system-out>
</testcase>
</testsuite>
</testsuites>